17:53:03 **** Build of project harrisProject_bsp ****
make -k all 
"Running Make include in ps7_cortexa9_0/libsrc/coresightps_dcc_v1_4/src"
make -C ps7_cortexa9_0/libsrc/coresightps_dcc_v1_4/src -s include  "SHELL=CMD" "COMPILER=arm-none-eabi-gcc" "ARCHIVER=arm-none-eabi-ar" "COMPILER_FLAGS=  -O2 -c" "EXTRA_COMPILER_FLAGS=-mcpu=cortex-a9 -mfpu=vfpv3 -mfloat-abi=hard -nostartfiles -Wall -Wextra"
"Running Make include in ps7_cortexa9_0/libsrc/cpu_cortexa9_v2_4/src"
make -C ps7_cortexa9_0/libsrc/cpu_cortexa9_v2_4/src -s include  "SHELL=CMD" "COMPILER=arm-none-eabi-gcc" "ARCHIVER=arm-none-eabi-ar" "COMPILER_FLAGS=  -O2 -c" "EXTRA_COMPILER_FLAGS=-mcpu=cortex-a9 -mfpu=vfpv3 -mfloat-abi=hard -nostartfiles -Wall -Wextra"
"Running Make include in ps7_cortexa9_0/libsrc/ddrps_v1_0/src"
make -C ps7_cortexa9_0/libsrc/ddrps_v1_0/src -s include  "SHELL=CMD" "COMPILER=arm-none-eabi-gcc" "ARCHIVER=arm-none-eabi-ar" "COMPILER_FLAGS=  -O2 -c" "EXTRA_COMPILER_FLAGS=-mcpu=cortex-a9 -mfpu=vfpv3 -mfloat-abi=hard -nostartfiles -Wall -Wextra"
"Running Make include in ps7_cortexa9_0/libsrc/devcfg_v3_4/src"
make -C ps7_cortexa9_0/libsrc/devcfg_v3_4/src -s include  "SHELL=CMD" "COMPILER=arm-none-eabi-gcc" "ARCHIVER=arm-none-eabi-ar" "COMPILER_FLAGS=  -O2 -c" "EXTRA_COMPILER_FLAGS=-mcpu=cortex-a9 -mfpu=vfpv3 -mfloat-abi=hard -nostartfiles -Wall -Wextra"
"Running Make include in ps7_cortexa9_0/libsrc/dmaps_v2_3/src"
make -C ps7_cortexa9_0/libsrc/dmaps_v2_3/src -s include  "SHELL=CMD" "COMPILER=arm-none-eabi-gcc" "ARCHIVER=arm-none-eabi-ar" "COMPILER_FLAGS=  -O2 -c" "EXTRA_COMPILER_FLAGS=-mcpu=cortex-a9 -mfpu=vfpv3 -mfloat-abi=hard -nostartfiles -Wall -Wextra"
"Running Make include in ps7_cortexa9_0/libsrc/emacps_v3_4/src"
make -C ps7_cortexa9_0/libsrc/emacps_v3_4/src -s include  "SHELL=CMD" "COMPILER=arm-none-eabi-gcc" "ARCHIVER=arm-none-eabi-ar" "COMPILER_FLAGS=  -O2 -c" "EXTRA_COMPILER_FLAGS=-mcpu=cortex-a9 -mfpu=vfpv3 -mfloat-abi=hard -nostartfiles -Wall -Wextra"
"Running Make include in ps7_cortexa9_0/libsrc/gpio_v4_3/src"
make -C ps7_cortexa9_0/libsrc/gpio_v4_3/src -s include  "SHELL=CMD" "COMPILER=arm-none-eabi-gcc" "ARCHIVER=arm-none-eabi-ar" "COMPILER_FLAGS=  -O2 -c" "EXTRA_COMPILER_FLAGS=-mcpu=cortex-a9 -mfpu=vfpv3 -mfloat-abi=hard -nostartfiles -Wall -Wextra"
"Running Make include in ps7_cortexa9_0/libsrc/gpiops_v3_3/src"
make -C ps7_cortexa9_0/libsrc/gpiops_v3_3/src -s include  "SHELL=CMD" "COMPILER=arm-none-eabi-gcc" "ARCHIVER=arm-none-eabi-ar" "COMPILER_FLAGS=  -O2 -c" "EXTRA_COMPILER_FLAGS=-mcpu=cortex-a9 -mfpu=vfpv3 -mfloat-abi=hard -nostartfiles -Wall -Wextra"
"Running Make include in ps7_cortexa9_0/libsrc/qspips_v3_3/src"
make -C ps7_cortexa9_0/libsrc/qspips_v3_3/src -s include  "SHELL=CMD" "COMPILER=arm-none-eabi-gcc" "ARCHIVER=arm-none-eabi-ar" "COMPILER_FLAGS=  -O2 -c" "EXTRA_COMPILER_FLAGS=-mcpu=cortex-a9 -mfpu=vfpv3 -mfloat-abi=hard -nostartfiles -Wall -Wextra"
"Running Make include in ps7_cortexa9_0/libsrc/scugic_v3_7/src"
make -C ps7_cortexa9_0/libsrc/scugic_v3_7/src -s include  "SHELL=CMD" "COMPILER=arm-none-eabi-gcc" "ARCHIVER=arm-none-eabi-ar" "COMPILER_FLAGS=  -O2 -c" "EXTRA_COMPILER_FLAGS=-mcpu=cortex-a9 -mfpu=vfpv3 -mfloat-abi=hard -nostartfiles -Wall -Wextra"
"Running Make include in ps7_cortexa9_0/libsrc/scutimer_v2_1/src"
make -C ps7_cortexa9_0/libsrc/scutimer_v2_1/src -s include  "SHELL=CMD" "COMPILER=arm-none-eabi-gcc" "ARCHIVER=arm-none-eabi-ar" "COMPILER_FLAGS=  -O2 -c" "EXTRA_COMPILER_FLAGS=-mcpu=cortex-a9 -mfpu=vfpv3 -mfloat-abi=hard -nostartfiles -Wall -Wextra"
"Running Make include in ps7_cortexa9_0/libsrc/scuwdt_v2_1/src"
make -C ps7_cortexa9_0/libsrc/scuwdt_v2_1/src -s include  "SHELL=CMD" "COMPILER=arm-none-eabi-gcc" "ARCHIVER=arm-none-eabi-ar" "COMPILER_FLAGS=  -O2 -c" "EXTRA_COMPILER_FLAGS=-mcpu=cortex-a9 -mfpu=vfpv3 -mfloat-abi=hard -nostartfiles -Wall -Wextra"
"Running Make include in ps7_cortexa9_0/libsrc/sdps_v3_2/src"
make -C ps7_cortexa9_0/libsrc/sdps_v3_2/src -s include  "SHELL=CMD" "COMPILER=arm-none-eabi-gcc" "ARCHIVER=arm-none-eabi-ar" "COMPILER_FLAGS=  -O2 -c" "EXTRA_COMPILER_FLAGS=-mcpu=cortex-a9 -mfpu=vfpv3 -mfloat-abi=hard -nostartfiles -Wall -Wextra"
"Running Make include in ps7_cortexa9_0/libsrc/standalone_v6_3/src"
make -C ps7_cortexa9_0/libsrc/standalone_v6_3/src -s include  "SHELL=CMD" "COMPILER=arm-none-eabi-gcc" "ARCHIVER=arm-none-eabi-ar" "COMPILER_FLAGS=  -O2 -c" "EXTRA_COMPILER_FLAGS=-mcpu=cortex-a9 -mfpu=vfpv3 -mfloat-abi=hard -nostartfiles -Wall -Wextra"
"Running Make include in ps7_cortexa9_0/libsrc/ttcps_v3_3/src"
make -C ps7_cortexa9_0/libsrc/ttcps_v3_3/src -s include  "SHELL=CMD" "COMPILER=arm-none-eabi-gcc" "ARCHIVER=arm-none-eabi-ar" "COMPILER_FLAGS=  -O2 -c" "EXTRA_COMPILER_FLAGS=-mcpu=cortex-a9 -mfpu=vfpv3 -mfloat-abi=hard -nostartfiles -Wall -Wextra"
"Running Make include in ps7_cortexa9_0/libsrc/uartps_v3_4/src"
make -C ps7_cortexa9_0/libsrc/uartps_v3_4/src -s include  "SHELL=CMD" "COMPILER=arm-none-eabi-gcc" "ARCHIVER=arm-none-eabi-ar" "COMPILER_FLAGS=  -O2 -c" "EXTRA_COMPILER_FLAGS=-mcpu=cortex-a9 -mfpu=vfpv3 -mfloat-abi=hard -nostartfiles -Wall -Wextra"
"Running Make include in ps7_cortexa9_0/libsrc/usbps_v2_4/src"
make -C ps7_cortexa9_0/libsrc/usbps_v2_4/src -s include  "SHELL=CMD" "COMPILER=arm-none-eabi-gcc" "ARCHIVER=arm-none-eabi-ar" "COMPILER_FLAGS=  -O2 -c" "EXTRA_COMPILER_FLAGS=-mcpu=cortex-a9 -mfpu=vfpv3 -mfloat-abi=hard -nostartfiles -Wall -Wextra"
"Running Make include in ps7_cortexa9_0/libsrc/xadcps_v2_2/src"
make -C ps7_cortexa9_0/libsrc/xadcps_v2_2/src -s include  "SHELL=CMD" "COMPILER=arm-none-eabi-gcc" "ARCHIVER=arm-none-eabi-ar" "COMPILER_FLAGS=  -O2 -c" "EXTRA_COMPILER_FLAGS=-mcpu=cortex-a9 -mfpu=vfpv3 -mfloat-abi=hard -nostartfiles -Wall -Wextra"
"Running Make libs in ps7_cortexa9_0/libsrc/coresightps_dcc_v1_4/src"
make -C ps7_cortexa9_0/libsrc/coresightps_dcc_v1_4/src -s libs  "SHELL=CMD" "COMPILER=arm-none-eabi-gcc" "ARCHIVER=arm-none-eabi-ar" "COMPILER_FLAGS=  -O2 -c" "EXTRA_COMPILER_FLAGS=-mcpu=cortex-a9 -mfpu=vfpv3 -mfloat-abi=hard -nostartfiles -Wall -Wextra"
"Compiling coresightps_dcc"
arm-none-eabi-ar: creating ../../../lib/libxil.a
"Running Make libs in ps7_cortexa9_0/libsrc/cpu_cortexa9_v2_4/src"
make -C ps7_cortexa9_0/libsrc/cpu_cortexa9_v2_4/src -s libs  "SHELL=CMD" "COMPILER=arm-none-eabi-gcc" "ARCHIVER=arm-none-eabi-ar" "COMPILER_FLAGS=  -O2 -c" "EXTRA_COMPILER_FLAGS=-mcpu=cortex-a9 -mfpu=vfpv3 -mfloat-abi=hard -nostartfiles -Wall -Wextra"
"Compiling cpu_cortexa9"
"Running Make libs in ps7_cortexa9_0/libsrc/ddrps_v1_0/src"
make -C ps7_cortexa9_0/libsrc/ddrps_v1_0/src -s libs  "SHELL=CMD" "COMPILER=arm-none-eabi-gcc" "ARCHIVER=arm-none-eabi-ar" "COMPILER_FLAGS=  -O2 -c" "EXTRA_COMPILER_FLAGS=-mcpu=cortex-a9 -mfpu=vfpv3 -mfloat-abi=hard -nostartfiles -Wall -Wextra"
"Compiling ddrps"
"Running Make libs in ps7_cortexa9_0/libsrc/devcfg_v3_4/src"
make -C ps7_cortexa9_0/libsrc/devcfg_v3_4/src -s libs  "SHELL=CMD" "COMPILER=arm-none-eabi-gcc" "ARCHIVER=arm-none-eabi-ar" "COMPILER_FLAGS=  -O2 -c" "EXTRA_COMPILER_FLAGS=-mcpu=cortex-a9 -mfpu=vfpv3 -mfloat-abi=hard -nostartfiles -Wall -Wextra"
"Compiling devcfg"
"Running Make libs in ps7_cortexa9_0/libsrc/dmaps_v2_3/src"
make -C ps7_cortexa9_0/libsrc/dmaps_v2_3/src -s libs  "SHELL=CMD" "COMPILER=arm-none-eabi-gcc" "ARCHIVER=arm-none-eabi-ar" "COMPILER_FLAGS=  -O2 -c" "EXTRA_COMPILER_FLAGS=-mcpu=cortex-a9 -mfpu=vfpv3 -mfloat-abi=hard -nostartfiles -Wall -Wextra"
"Compiling dmaps"
"Running Make libs in ps7_cortexa9_0/libsrc/emacps_v3_4/src"
make -C ps7_cortexa9_0/libsrc/emacps_v3_4/src -s libs  "SHELL=CMD" "COMPILER=arm-none-eabi-gcc" "ARCHIVER=arm-none-eabi-ar" "COMPILER_FLAGS=  -O2 -c" "EXTRA_COMPILER_FLAGS=-mcpu=cortex-a9 -mfpu=vfpv3 -mfloat-abi=hard -nostartfiles -Wall -Wextra"
"Compiling emacps"
"Running Make libs in ps7_cortexa9_0/libsrc/gpio_v4_3/src"
make -C ps7_cortexa9_0/libsrc/gpio_v4_3/src -s libs  "SHELL=CMD" "COMPILER=arm-none-eabi-gcc" "ARCHIVER=arm-none-eabi-ar" "COMPILER_FLAGS=  -O2 -c" "EXTRA_COMPILER_FLAGS=-mcpu=cortex-a9 -mfpu=vfpv3 -mfloat-abi=hard -nostartfiles -Wall -Wextra"
"Compiling gpio"
"Running Make libs in ps7_cortexa9_0/libsrc/gpiops_v3_3/src"
make -C ps7_cortexa9_0/libsrc/gpiops_v3_3/src -s libs  "SHELL=CMD" "COMPILER=arm-none-eabi-gcc" "ARCHIVER=arm-none-eabi-ar" "COMPILER_FLAGS=  -O2 -c" "EXTRA_COMPILER_FLAGS=-mcpu=cortex-a9 -mfpu=vfpv3 -mfloat-abi=hard -nostartfiles -Wall -Wextra"
"Compiling gpiops"
"Running Make libs in ps7_cortexa9_0/libsrc/qspips_v3_3/src"
make -C ps7_cortexa9_0/libsrc/qspips_v3_3/src -s libs  "SHELL=CMD" "COMPILER=arm-none-eabi-gcc" "ARCHIVER=arm-none-eabi-ar" "COMPILER_FLAGS=  -O2 -c" "EXTRA_COMPILER_FLAGS=-mcpu=cortex-a9 -mfpu=vfpv3 -mfloat-abi=hard -nostartfiles -Wall -Wextra"
"Compiling qspips"
"Running Make libs in ps7_cortexa9_0/libsrc/scugic_v3_7/src"
make -C ps7_cortexa9_0/libsrc/scugic_v3_7/src -s libs  "SHELL=CMD" "COMPILER=arm-none-eabi-gcc" "ARCHIVER=arm-none-eabi-ar" "COMPILER_FLAGS=  -O2 -c" "EXTRA_COMPILER_FLAGS=-mcpu=cortex-a9 -mfpu=vfpv3 -mfloat-abi=hard -nostartfiles -Wall -Wextra"
"Compiling scugic"
xscugic_g.c:53:2: warning: missing initializer for field 'HandlerTable' of 'XScuGic_Config {aka struct <anonymous>}' [-Wmissing-field-initializers]
  }
  ^
In file included from xscugic_g.c:41:0:
xscugic.h:218:27: note: 'HandlerTable' declared here
  XScuGic_VectorTableEntry HandlerTable[XSCUGIC_MAX_NUM_INTR_INPUTS];/**<
                           ^~~~~~~~~~~~
"Running Make libs in ps7_cortexa9_0/libsrc/scutimer_v2_1/src"
make -C ps7_cortexa9_0/libsrc/scutimer_v2_1/src -s libs  "SHELL=CMD" "COMPILER=arm-none-eabi-gcc" "ARCHIVER=arm-none-eabi-ar" "COMPILER_FLAGS=  -O2 -c" "EXTRA_COMPILER_FLAGS=-mcpu=cortex-a9 -mfpu=vfpv3 -mfloat-abi=hard -nostartfiles -Wall -Wextra"
"Compiling scutimer"
"Running Make libs in ps7_cortexa9_0/libsrc/scuwdt_v2_1/src"
make -C ps7_cortexa9_0/libsrc/scuwdt_v2_1/src -s libs  "SHELL=CMD" "COMPILER=arm-none-eabi-gcc" "ARCHIVER=arm-none-eabi-ar" "COMPILER_FLAGS=  -O2 -c" "EXTRA_COMPILER_FLAGS=-mcpu=cortex-a9 -mfpu=vfpv3 -mfloat-abi=hard -nostartfiles -Wall -Wextra"
"Compiling scuwdt"
"Running Make libs in ps7_cortexa9_0/libsrc/sdps_v3_2/src"
make -C ps7_cortexa9_0/libsrc/sdps_v3_2/src -s libs  "SHELL=CMD" "COMPILER=arm-none-eabi-gcc" "ARCHIVER=arm-none-eabi-ar" "COMPILER_FLAGS=  -O2 -c" "EXTRA_COMPILER_FLAGS=-mcpu=cortex-a9 -mfpu=vfpv3 -mfloat-abi=hard -nostartfiles -Wall -Wextra"
"Compiling sdps"
"Running Make libs in ps7_cortexa9_0/libsrc/standalone_v6_3/src"
make -C ps7_cortexa9_0/libsrc/standalone_v6_3/src -s libs  "SHELL=CMD" "COMPILER=arm-none-eabi-gcc" "ARCHIVER=arm-none-eabi-ar" "COMPILER_FLAGS=  -O2 -c" "EXTRA_COMPILER_FLAGS=-mcpu=cortex-a9 -mfpu=vfpv3 -mfloat-abi=hard -nostartfiles -Wall -Wextra"
"Compiling standalone"
"Running Make libs in ps7_cortexa9_0/libsrc/ttcps_v3_3/src"
make -C ps7_cortexa9_0/libsrc/ttcps_v3_3/src -s libs  "SHELL=CMD" "COMPILER=arm-none-eabi-gcc" "ARCHIVER=arm-none-eabi-ar" "COMPILER_FLAGS=  -O2 -c" "EXTRA_COMPILER_FLAGS=-mcpu=cortex-a9 -mfpu=vfpv3 -mfloat-abi=hard -nostartfiles -Wall -Wextra"
"Compiling ttcps"
"Running Make libs in ps7_cortexa9_0/libsrc/uartps_v3_4/src"
make -C ps7_cortexa9_0/libsrc/uartps_v3_4/src -s libs  "SHELL=CMD" "COMPILER=arm-none-eabi-gcc" "ARCHIVER=arm-none-eabi-ar" "COMPILER_FLAGS=  -O2 -c" "EXTRA_COMPILER_FLAGS=-mcpu=cortex-a9 -mfpu=vfpv3 -mfloat-abi=hard -nostartfiles -Wall -Wextra"
"Compiling uartps"
"Running Make libs in ps7_cortexa9_0/libsrc/usbps_v2_4/src"
make -C ps7_cortexa9_0/libsrc/usbps_v2_4/src -s libs  "SHELL=CMD" "COMPILER=arm-none-eabi-gcc" "ARCHIVER=arm-none-eabi-ar" "COMPILER_FLAGS=  -O2 -c" "EXTRA_COMPILER_FLAGS=-mcpu=cortex-a9 -mfpu=vfpv3 -mfloat-abi=hard -nostartfiles -Wall -Wextra"
"Compiling usbps"
"Running Make libs in ps7_cortexa9_0/libsrc/xadcps_v2_2/src"
make -C ps7_cortexa9_0/libsrc/xadcps_v2_2/src -s libs  "SHELL=CMD" "COMPILER=arm-none-eabi-gcc" "ARCHIVER=arm-none-eabi-ar" "COMPILER_FLAGS=  -O2 -c" "EXTRA_COMPILER_FLAGS=-mcpu=cortex-a9 -mfpu=vfpv3 -mfloat-abi=hard -nostartfiles -Wall -Wextra"
"Compiling xadcps"
'Finished building libraries'
17:53:24 **** Build of configuration Debug for project harrisProject ****
make pre-build main-build 
a9-linaro-pre-build-step
' '
'Building file: ../src/main.cc'
'Invoking: ARM v7 g++ compiler'
arm-none-eabi-g++ -Wall -O0 -g3 -c -fmessage-length=0 -MT"src/main.o" -mcpu=cortex-a9 -mfpu=vfpv3 -mfloat-abi=hard -I../../harrisProject_bsp/ps7_cortexa9_0/include -MMD -MP -MF"src/main.d" -MT"src/main.o" -o "src/main.o" "../src/main.cc"
'Finished building: ../src/main.cc'
' '
'Building target: harrisProject.elf'
'Invoking: ARM v7 g++ linker'
arm-none-eabi-g++ -mcpu=cortex-a9 -mfpu=vfpv3 -mfloat-abi=hard -Wl,-build-id=none -specs=Xilinx.spec -Wl,-T -Wl,../src/lscript.ld -L../../harrisProject_bsp/ps7_cortexa9_0/lib -o "harrisProject.elf"  ./src/main.o   -Wl,--start-group,-lxil,-lgcc,-lc,-lstdc++,--end-group
'Finished building target: harrisProject.elf'
' '
'Invoking: ARM v7 Print Size'
arm-none-eabi-size harrisProject.elf  |tee "harrisProject.elf.size"
   text	   data	    bss	    dec	    hex	filename
  19056	   1148	  22576	  42780	   a71c	harrisProject.elf
'Finished building: harrisProject.elf.size'
' '
17:53:27 **** Auto Build of configuration Debug for project harrisProject ****
make pre-build main-build 
a9-linaro-pre-build-step
' '
make: No se hace nada para `main-build'.
17:55:38 **** Clean-only build of configuration Debug for project harrisProject ****
make clean 
rm -rf  ./src/main.d  ./src/main.o  harrisProject.elf.size  harrisProject.elf
' '
17:55:38 **** Auto Build of configuration Debug for project harrisProject ****
make pre-build main-build 
a9-linaro-pre-build-step
' '
'Building file: ../src/FileSDCard.cpp'
'Invoking: ARM v7 g++ compiler'
arm-none-eabi-g++ -Wall -O0 -g3 -c -fmessage-length=0 -MT"src/FileSDCard.o" -mcpu=cortex-a9 -mfpu=vfpv3 -mfloat-abi=hard -I../../harrisProject_bsp/ps7_cortexa9_0/include -MMD -MP -MF"src/FileSDCard.d" -MT"src/FileSDCard.o" -o "src/FileSDCard.o" "../src/FileSDCard.cpp"
In file included from ../src/FileSDCard.cpp:7:0:
../src/FileSDCard.h:12:16: fatal error: ff.h: No such file or directory
 #include "ff.h"
                ^
compilation terminated.
make: *** [src/FileSDCard.o] Error 1
18:00:47 **** Clean-only build of configuration Debug for project harrisProject ****
make clean 
rm -rf  ./src/old_main.d  ./src/FileSDCard.o ./src/TestFileSDCard.o ./src/TestReadImg.o ./src/main.o ./src/old_main.o  ./src/FileSDCard.d ./src/TestFileSDCard.d ./src/TestReadImg.d ./src/main.d  harrisProject.elf.size  harrisProject.elf
' '
18:00:48 **** Auto Build of configuration Debug for project harrisProject ****
make pre-build main-build 
a9-linaro-pre-build-step
' '
'Building file: ../src/FileSDCard.cpp'
'Invoking: ARM v7 g++ compiler'
arm-none-eabi-g++ -Wall -O0 -g3 -c -fmessage-length=0 -MT"src/FileSDCard.o" -mcpu=cortex-a9 -mfpu=vfpv3 -mfloat-abi=hard -I../../harrisProject_bsp/ps7_cortexa9_0/include -MMD -MP -MF"src/FileSDCard.d" -MT"src/FileSDCard.o" -o "src/FileSDCard.o" "../src/FileSDCard.cpp"
In file included from ../src/FileSDCard.cpp:7:0:
../src/FileSDCard.h:12:16: fatal error: ff.h: No such file or directory
 #include "ff.h"
                ^
compilation terminated.
make: *** [src/FileSDCard.o] Error 1
18:05:50 **** Incremental Build of configuration Debug for project harrisProject ****
make pre-build main-build 
a9-linaro-pre-build-step
' '
'Building file: ../src/FileSDCard.cpp'
'Invoking: ARM v7 g++ compiler'
arm-none-eabi-g++ -Wall -O0 -g3 -c -fmessage-length=0 -MT"src/FileSDCard.o" -mcpu=cortex-a9 -mfpu=vfpv3 -mfloat-abi=hard -I../../harrisProject_bsp/ps7_cortexa9_0/include -MMD -MP -MF"src/FileSDCard.d" -MT"src/FileSDCard.o" -o "src/FileSDCard.o" "../src/FileSDCard.cpp"
In file included from ../src/FileSDCard.cpp:7:0:
../src/FileSDCard.h:12:16: fatal error: ff.h: No such file or directory
 #include "ff.h"
                ^
compilation terminated.
make: *** [src/FileSDCard.o] Error 1
18:07:31 **** Clean-only build of configuration Debug for project harrisProject ****
make clean 
rm -rf  ./src/old_main.d  ./src/FileSDCard.o ./src/TestFileSDCard.o ./src/TestReadImg.o ./src/main.o ./src/old_main.o  ./src/FileSDCard.d ./src/TestFileSDCard.d ./src/TestReadImg.d ./src/main.d  harrisProject.elf.size  harrisProject.elf
' '
18:07:31 **** Auto Build of configuration Debug for project harrisProject ****
make pre-build main-build 
a9-linaro-pre-build-step
' '
'Building file: ../src/FileSDCard.cpp'
'Invoking: ARM v7 g++ compiler'
arm-none-eabi-g++ -Wall -O0 -g3 -c -fmessage-length=0 -MT"src/FileSDCard.o" -mcpu=cortex-a9 -mfpu=vfpv3 -mfloat-abi=hard -I../../harrisProject_bsp/ps7_cortexa9_0/include -MMD -MP -MF"src/FileSDCard.d" -MT"src/FileSDCard.o" -o "src/FileSDCard.o" "../src/FileSDCard.cpp"
In file included from ../src/FileSDCard.cpp:7:0:
../src/FileSDCard.h:12:16: fatal error: ff.h: No such file or directory
 #include "ff.h"
                ^
compilation terminated.
make: *** [src/FileSDCard.o] Error 1
18:18:48 **** Clean-only build of configuration Debug for project harrisProject ****
make clean 
rm -rf  ./src/old_main.d  ./src/FileSDCard.o ./src/TestFileSDCard.o ./src/TestReadImg.o ./src/main.o ./src/old_main.o  ./src/FileSDCard.d ./src/TestFileSDCard.d ./src/TestReadImg.d ./src/main.d  harrisProject.elf.size  harrisProject.elf
' '
18:18:48 **** Auto Build of configuration Debug for project harrisProject ****
make pre-build main-build 
a9-linaro-pre-build-step
' '
'Building file: ../src/FileSDCard.cpp'
'Invoking: ARM v7 g++ compiler'
arm-none-eabi-g++ -Wall -O0 -g3 -c -fmessage-length=0 -MT"src/FileSDCard.o" -mcpu=cortex-a9 -mfpu=vfpv3 -mfloat-abi=hard -I../../harrisProject_bsp/ps7_cortexa9_0/include -MMD -MP -MF"src/FileSDCard.d" -MT"src/FileSDCard.o" -o "src/FileSDCard.o" "../src/FileSDCard.cpp"
In file included from ../src/FileSDCard.cpp:7:0:
../src/FileSDCard.h:12:16: fatal error: ff.h: No such file or directory
 #include "ff.h"
                ^
compilation terminated.
make: *** [src/FileSDCard.o] Error 1
18:31:21 **** Clean-only build of configuration Debug for project harrisProjectErrr ****
make clean 
rm -rf  ./src/old_main.d  ./src/FileSDCard.o ./src/TestFileSDCard.o ./src/TestReadImg.o ./src/main.o ./src/old_main.o  ./src/FileSDCard.d ./src/TestFileSDCard.d ./src/TestReadImg.d ./src/main.d  harrisProject.elf.size  harrisProject.elf
' '
18:31:21 **** Build of configuration Debug for project harrisProjectErrr ****
make pre-build main-build 
a9-linaro-pre-build-step
' '
'Building file: ../src/FileSDCard.cpp'
'Invoking: ARM v7 g++ compiler'
arm-none-eabi-g++ -Wall -O0 -g3 -c -fmessage-length=0 -MT"src/FileSDCard.o" -mcpu=cortex-a9 -mfpu=vfpv3 -mfloat-abi=hard -I../../harrisProject_bsp/ps7_cortexa9_0/include -MMD -MP -MF"src/FileSDCard.d" -MT"src/FileSDCard.o" -o "src/FileSDCard.o" "../src/FileSDCard.cpp"
In file included from ../src/FileSDCard.cpp:7:0:
../src/FileSDCard.h:12:16: fatal error: ff.h: No such file or directory
 #include "ff.h"
                ^
compilation terminated.
make: *** [src/FileSDCard.o] Error 1
18:32:14 **** Build of configuration Debug for project harrisProject ****
make pre-build main-build 
a9-linaro-pre-build-step
' '
'Building file: ../src/main.cc'
'Invoking: ARM v7 g++ compiler'
arm-none-eabi-g++ -Wall -O0 -g3 -c -fmessage-length=0 -MT"src/main.o" -mcpu=cortex-a9 -mfpu=vfpv3 -mfloat-abi=hard -I../../harrisProject_bsp/ps7_cortexa9_0/include -MMD -MP -MF"src/main.d" -MT"src/main.o" -o "src/main.o" "../src/main.cc"
'Finished building: ../src/main.cc'
' '
'Building target: harrisProject.elf'
'Invoking: ARM v7 g++ linker'
arm-none-eabi-g++ -mcpu=cortex-a9 -mfpu=vfpv3 -mfloat-abi=hard -Wl,-build-id=none -specs=Xilinx.spec -Wl,-T -Wl,../src/lscript.ld -L../../harrisProject_bsp/ps7_cortexa9_0/lib -o "harrisProject.elf"  ./src/main.o   -Wl,--start-group,-lxil,-lgcc,-lc,-lstdc++,--end-group
'Finished building target: harrisProject.elf'
' '
'Invoking: ARM v7 Print Size'
arm-none-eabi-size harrisProject.elf  |tee "harrisProject.elf.size"
   text	   data	    bss	    dec	    hex	filename
  19056	   1148	  22576	  42780	   a71c	harrisProject.elf
'Finished building: harrisProject.elf.size'
' '
18:32:16 **** Auto Build of configuration Debug for project harrisProject ****
make pre-build main-build 
a9-linaro-pre-build-step
' '
make: No se hace nada para `main-build'.
18:32:41 **** Auto Build of configuration Debug for project harrisProject ****
make pre-build main-build 
a9-linaro-pre-build-step
' '
make: No se hace nada para `main-build'.
18:33:10 **** Clean-only build of configuration Debug for project harrisProject ****
make clean 
rm -rf  ./src/main.d  ./src/main.o  harrisProject.elf.size  harrisProject.elf
' '
18:33:10 **** Auto Build of configuration Debug for project harrisProject ****
make pre-build main-build 
a9-linaro-pre-build-step
' '
'Building file: ../src/main.cc'
'Invoking: ARM v7 g++ compiler'
arm-none-eabi-g++ -Wall -O0 -g3 -c -fmessage-length=0 -MT"src/main.o" -mcpu=cortex-a9 -mfpu=vfpv3 -mfloat-abi=hard -I../../harrisProject_bsp/ps7_cortexa9_0/include -MMD -MP -MF"src/main.d" -MT"src/main.o" -o "src/main.o" "../src/main.cc"
'Finished building: ../src/main.cc'
' '
'Building target: harrisProject.elf'
'Invoking: ARM v7 g++ linker'
arm-none-eabi-g++ -mcpu=cortex-a9 -mfpu=vfpv3 -mfloat-abi=hard -Wl,-build-id=none -specs=Xilinx.spec -Wl,-T -Wl,../src/lscript.ld -L../../harrisProject_bsp/ps7_cortexa9_0/lib -o "harrisProject.elf"  ./src/main.o   -Wl,--start-group,-lxil,-lgcc,-lc,-lstdc++,--end-group -Wl,--start-group,-lxilffs,-lxil,-lgcc,-lc,--end-group
c:/xilinx/sdk/2017.2/gnu/aarch32/nt/gcc-arm-none-eabi/bin/../lib/gcc/arm-none-eabi/6.2.1/../../../../arm-none-eabi/bin/ld.exe: cannot find -lxilffs
collect2.exe: error: ld returned 1 exit status
make: *** [harrisProject.elf] Error 1
18:38:53 **** Auto Build of project harrisProject_bsp ****
make -k all 
"Running Make include in ps7_cortexa9_0/libsrc/coresightps_dcc_v1_4/src"
make -C ps7_cortexa9_0/libsrc/coresightps_dcc_v1_4/src -s include  "SHELL=CMD" "COMPILER=arm-none-eabi-gcc" "ARCHIVER=arm-none-eabi-ar" "COMPILER_FLAGS=  -O2 -c" "EXTRA_COMPILER_FLAGS=-mcpu=cortex-a9 -mfpu=vfpv3 -mfloat-abi=hard -nostartfiles -Wall -Wextra"
"Running Make include in ps7_cortexa9_0/libsrc/cpu_cortexa9_v2_4/src"
make -C ps7_cortexa9_0/libsrc/cpu_cortexa9_v2_4/src -s include  "SHELL=CMD" "COMPILER=arm-none-eabi-gcc" "ARCHIVER=arm-none-eabi-ar" "COMPILER_FLAGS=  -O2 -c" "EXTRA_COMPILER_FLAGS=-mcpu=cortex-a9 -mfpu=vfpv3 -mfloat-abi=hard -nostartfiles -Wall -Wextra"
"Running Make include in ps7_cortexa9_0/libsrc/ddrps_v1_0/src"
make -C ps7_cortexa9_0/libsrc/ddrps_v1_0/src -s include  "SHELL=CMD" "COMPILER=arm-none-eabi-gcc" "ARCHIVER=arm-none-eabi-ar" "COMPILER_FLAGS=  -O2 -c" "EXTRA_COMPILER_FLAGS=-mcpu=cortex-a9 -mfpu=vfpv3 -mfloat-abi=hard -nostartfiles -Wall -Wextra"
"Running Make include in ps7_cortexa9_0/libsrc/devcfg_v3_4/src"
make -C ps7_cortexa9_0/libsrc/devcfg_v3_4/src -s include  "SHELL=CMD" "COMPILER=arm-none-eabi-gcc" "ARCHIVER=arm-none-eabi-ar" "COMPILER_FLAGS=  -O2 -c" "EXTRA_COMPILER_FLAGS=-mcpu=cortex-a9 -mfpu=vfpv3 -mfloat-abi=hard -nostartfiles -Wall -Wextra"
"Running Make include in ps7_cortexa9_0/libsrc/dmaps_v2_3/src"
make -C ps7_cortexa9_0/libsrc/dmaps_v2_3/src -s include  "SHELL=CMD" "COMPILER=arm-none-eabi-gcc" "ARCHIVER=arm-none-eabi-ar" "COMPILER_FLAGS=  -O2 -c" "EXTRA_COMPILER_FLAGS=-mcpu=cortex-a9 -mfpu=vfpv3 -mfloat-abi=hard -nostartfiles -Wall -Wextra"
"Running Make include in ps7_cortexa9_0/libsrc/emacps_v3_4/src"
make -C ps7_cortexa9_0/libsrc/emacps_v3_4/src -s include  "SHELL=CMD" "COMPILER=arm-none-eabi-gcc" "ARCHIVER=arm-none-eabi-ar" "COMPILER_FLAGS=  -O2 -c" "EXTRA_COMPILER_FLAGS=-mcpu=cortex-a9 -mfpu=vfpv3 -mfloat-abi=hard -nostartfiles -Wall -Wextra"
"Running Make include in ps7_cortexa9_0/libsrc/gpio_v4_3/src"
make -C ps7_cortexa9_0/libsrc/gpio_v4_3/src -s include  "SHELL=CMD" "COMPILER=arm-none-eabi-gcc" "ARCHIVER=arm-none-eabi-ar" "COMPILER_FLAGS=  -O2 -c" "EXTRA_COMPILER_FLAGS=-mcpu=cortex-a9 -mfpu=vfpv3 -mfloat-abi=hard -nostartfiles -Wall -Wextra"
"Running Make include in ps7_cortexa9_0/libsrc/gpiops_v3_3/src"
make -C ps7_cortexa9_0/libsrc/gpiops_v3_3/src -s include  "SHELL=CMD" "COMPILER=arm-none-eabi-gcc" "ARCHIVER=arm-none-eabi-ar" "COMPILER_FLAGS=  -O2 -c" "EXTRA_COMPILER_FLAGS=-mcpu=cortex-a9 -mfpu=vfpv3 -mfloat-abi=hard -nostartfiles -Wall -Wextra"
"Running Make include in ps7_cortexa9_0/libsrc/qspips_v3_3/src"
make -C ps7_cortexa9_0/libsrc/qspips_v3_3/src -s include  "SHELL=CMD" "COMPILER=arm-none-eabi-gcc" "ARCHIVER=arm-none-eabi-ar" "COMPILER_FLAGS=  -O2 -c" "EXTRA_COMPILER_FLAGS=-mcpu=cortex-a9 -mfpu=vfpv3 -mfloat-abi=hard -nostartfiles -Wall -Wextra"
"Running Make include in ps7_cortexa9_0/libsrc/scugic_v3_7/src"
make -C ps7_cortexa9_0/libsrc/scugic_v3_7/src -s include  "SHELL=CMD" "COMPILER=arm-none-eabi-gcc" "ARCHIVER=arm-none-eabi-ar" "COMPILER_FLAGS=  -O2 -c" "EXTRA_COMPILER_FLAGS=-mcpu=cortex-a9 -mfpu=vfpv3 -mfloat-abi=hard -nostartfiles -Wall -Wextra"
"Running Make include in ps7_cortexa9_0/libsrc/scutimer_v2_1/src"
make -C ps7_cortexa9_0/libsrc/scutimer_v2_1/src -s include  "SHELL=CMD" "COMPILER=arm-none-eabi-gcc" "ARCHIVER=arm-none-eabi-ar" "COMPILER_FLAGS=  -O2 -c" "EXTRA_COMPILER_FLAGS=-mcpu=cortex-a9 -mfpu=vfpv3 -mfloat-abi=hard -nostartfiles -Wall -Wextra"
"Running Make include in ps7_cortexa9_0/libsrc/scuwdt_v2_1/src"
make -C ps7_cortexa9_0/libsrc/scuwdt_v2_1/src -s include  "SHELL=CMD" "COMPILER=arm-none-eabi-gcc" "ARCHIVER=arm-none-eabi-ar" "COMPILER_FLAGS=  -O2 -c" "EXTRA_COMPILER_FLAGS=-mcpu=cortex-a9 -mfpu=vfpv3 -mfloat-abi=hard -nostartfiles -Wall -Wextra"
"Running Make include in ps7_cortexa9_0/libsrc/sdps_v3_2/src"
make -C ps7_cortexa9_0/libsrc/sdps_v3_2/src -s include  "SHELL=CMD" "COMPILER=arm-none-eabi-gcc" "ARCHIVER=arm-none-eabi-ar" "COMPILER_FLAGS=  -O2 -c" "EXTRA_COMPILER_FLAGS=-mcpu=cortex-a9 -mfpu=vfpv3 -mfloat-abi=hard -nostartfiles -Wall -Wextra"
"Running Make include in ps7_cortexa9_0/libsrc/standalone_v6_3/src"
make -C ps7_cortexa9_0/libsrc/standalone_v6_3/src -s include  "SHELL=CMD" "COMPILER=arm-none-eabi-gcc" "ARCHIVER=arm-none-eabi-ar" "COMPILER_FLAGS=  -O2 -c" "EXTRA_COMPILER_FLAGS=-mcpu=cortex-a9 -mfpu=vfpv3 -mfloat-abi=hard -nostartfiles -Wall -Wextra"
"Running Make include in ps7_cortexa9_0/libsrc/ttcps_v3_3/src"
make -C ps7_cortexa9_0/libsrc/ttcps_v3_3/src -s include  "SHELL=CMD" "COMPILER=arm-none-eabi-gcc" "ARCHIVER=arm-none-eabi-ar" "COMPILER_FLAGS=  -O2 -c" "EXTRA_COMPILER_FLAGS=-mcpu=cortex-a9 -mfpu=vfpv3 -mfloat-abi=hard -nostartfiles -Wall -Wextra"
"Running Make include in ps7_cortexa9_0/libsrc/uartps_v3_4/src"
make -C ps7_cortexa9_0/libsrc/uartps_v3_4/src -s include  "SHELL=CMD" "COMPILER=arm-none-eabi-gcc" "ARCHIVER=arm-none-eabi-ar" "COMPILER_FLAGS=  -O2 -c" "EXTRA_COMPILER_FLAGS=-mcpu=cortex-a9 -mfpu=vfpv3 -mfloat-abi=hard -nostartfiles -Wall -Wextra"
"Running Make include in ps7_cortexa9_0/libsrc/usbps_v2_4/src"
make -C ps7_cortexa9_0/libsrc/usbps_v2_4/src -s include  "SHELL=CMD" "COMPILER=arm-none-eabi-gcc" "ARCHIVER=arm-none-eabi-ar" "COMPILER_FLAGS=  -O2 -c" "EXTRA_COMPILER_FLAGS=-mcpu=cortex-a9 -mfpu=vfpv3 -mfloat-abi=hard -nostartfiles -Wall -Wextra"
"Running Make include in ps7_cortexa9_0/libsrc/xadcps_v2_2/src"
make -C ps7_cortexa9_0/libsrc/xadcps_v2_2/src -s include  "SHELL=CMD" "COMPILER=arm-none-eabi-gcc" "ARCHIVER=arm-none-eabi-ar" "COMPILER_FLAGS=  -O2 -c" "EXTRA_COMPILER_FLAGS=-mcpu=cortex-a9 -mfpu=vfpv3 -mfloat-abi=hard -nostartfiles -Wall -Wextra"
"Running Make include in ps7_cortexa9_0/libsrc/xilffs_v3_6/src"
make -C ps7_cortexa9_0/libsrc/xilffs_v3_6/src -s include  "SHELL=CMD" "COMPILER=arm-none-eabi-gcc" "ARCHIVER=arm-none-eabi-ar" "COMPILER_FLAGS=  -O2 -c" "EXTRA_COMPILER_FLAGS=-mcpu=cortex-a9 -mfpu=vfpv3 -mfloat-abi=hard -nostartfiles -Wall -Wextra"
"Running Make libs in ps7_cortexa9_0/libsrc/coresightps_dcc_v1_4/src"
make -C ps7_cortexa9_0/libsrc/coresightps_dcc_v1_4/src -s libs  "SHELL=CMD" "COMPILER=arm-none-eabi-gcc" "ARCHIVER=arm-none-eabi-ar" "COMPILER_FLAGS=  -O2 -c" "EXTRA_COMPILER_FLAGS=-mcpu=cortex-a9 -mfpu=vfpv3 -mfloat-abi=hard -nostartfiles -Wall -Wextra"
"Compiling coresightps_dcc"
arm-none-eabi-ar: creating ../../../lib/libxil.a
"Running Make libs in ps7_cortexa9_0/libsrc/cpu_cortexa9_v2_4/src"
make -C ps7_cortexa9_0/libsrc/cpu_cortexa9_v2_4/src -s libs  "SHELL=CMD" "COMPILER=arm-none-eabi-gcc" "ARCHIVER=arm-none-eabi-ar" "COMPILER_FLAGS=  -O2 -c" "EXTRA_COMPILER_FLAGS=-mcpu=cortex-a9 -mfpu=vfpv3 -mfloat-abi=hard -nostartfiles -Wall -Wextra"
"Compiling cpu_cortexa9"
"Running Make libs in ps7_cortexa9_0/libsrc/ddrps_v1_0/src"
make -C ps7_cortexa9_0/libsrc/ddrps_v1_0/src -s libs  "SHELL=CMD" "COMPILER=arm-none-eabi-gcc" "ARCHIVER=arm-none-eabi-ar" "COMPILER_FLAGS=  -O2 -c" "EXTRA_COMPILER_FLAGS=-mcpu=cortex-a9 -mfpu=vfpv3 -mfloat-abi=hard -nostartfiles -Wall -Wextra"
"Compiling ddrps"
"Running Make libs in ps7_cortexa9_0/libsrc/devcfg_v3_4/src"
make -C ps7_cortexa9_0/libsrc/devcfg_v3_4/src -s libs  "SHELL=CMD" "COMPILER=arm-none-eabi-gcc" "ARCHIVER=arm-none-eabi-ar" "COMPILER_FLAGS=  -O2 -c" "EXTRA_COMPILER_FLAGS=-mcpu=cortex-a9 -mfpu=vfpv3 -mfloat-abi=hard -nostartfiles -Wall -Wextra"
"Compiling devcfg"
"Running Make libs in ps7_cortexa9_0/libsrc/dmaps_v2_3/src"
make -C ps7_cortexa9_0/libsrc/dmaps_v2_3/src -s libs  "SHELL=CMD" "COMPILER=arm-none-eabi-gcc" "ARCHIVER=arm-none-eabi-ar" "COMPILER_FLAGS=  -O2 -c" "EXTRA_COMPILER_FLAGS=-mcpu=cortex-a9 -mfpu=vfpv3 -mfloat-abi=hard -nostartfiles -Wall -Wextra"
"Compiling dmaps"
"Running Make libs in ps7_cortexa9_0/libsrc/emacps_v3_4/src"
make -C ps7_cortexa9_0/libsrc/emacps_v3_4/src -s libs  "SHELL=CMD" "COMPILER=arm-none-eabi-gcc" "ARCHIVER=arm-none-eabi-ar" "COMPILER_FLAGS=  -O2 -c" "EXTRA_COMPILER_FLAGS=-mcpu=cortex-a9 -mfpu=vfpv3 -mfloat-abi=hard -nostartfiles -Wall -Wextra"
"Compiling emacps"
"Running Make libs in ps7_cortexa9_0/libsrc/gpio_v4_3/src"
make -C ps7_cortexa9_0/libsrc/gpio_v4_3/src -s libs  "SHELL=CMD" "COMPILER=arm-none-eabi-gcc" "ARCHIVER=arm-none-eabi-ar" "COMPILER_FLAGS=  -O2 -c" "EXTRA_COMPILER_FLAGS=-mcpu=cortex-a9 -mfpu=vfpv3 -mfloat-abi=hard -nostartfiles -Wall -Wextra"
"Compiling gpio"
"Running Make libs in ps7_cortexa9_0/libsrc/gpiops_v3_3/src"
make -C ps7_cortexa9_0/libsrc/gpiops_v3_3/src -s libs  "SHELL=CMD" "COMPILER=arm-none-eabi-gcc" "ARCHIVER=arm-none-eabi-ar" "COMPILER_FLAGS=  -O2 -c" "EXTRA_COMPILER_FLAGS=-mcpu=cortex-a9 -mfpu=vfpv3 -mfloat-abi=hard -nostartfiles -Wall -Wextra"
"Compiling gpiops"
"Running Make libs in ps7_cortexa9_0/libsrc/qspips_v3_3/src"
make -C ps7_cortexa9_0/libsrc/qspips_v3_3/src -s libs  "SHELL=CMD" "COMPILER=arm-none-eabi-gcc" "ARCHIVER=arm-none-eabi-ar" "COMPILER_FLAGS=  -O2 -c" "EXTRA_COMPILER_FLAGS=-mcpu=cortex-a9 -mfpu=vfpv3 -mfloat-abi=hard -nostartfiles -Wall -Wextra"
"Compiling qspips"
"Running Make libs in ps7_cortexa9_0/libsrc/scugic_v3_7/src"
make -C ps7_cortexa9_0/libsrc/scugic_v3_7/src -s libs  "SHELL=CMD" "COMPILER=arm-none-eabi-gcc" "ARCHIVER=arm-none-eabi-ar" "COMPILER_FLAGS=  -O2 -c" "EXTRA_COMPILER_FLAGS=-mcpu=cortex-a9 -mfpu=vfpv3 -mfloat-abi=hard -nostartfiles -Wall -Wextra"
"Compiling scugic"
xscugic_g.c:53:2: warning: missing initializer for field 'HandlerTable' of 'XScuGic_Config {aka struct <anonymous>}' [-Wmissing-field-initializers]
  }
  ^
In file included from xscugic_g.c:41:0:
xscugic.h:218:27: note: 'HandlerTable' declared here
  XScuGic_VectorTableEntry HandlerTable[XSCUGIC_MAX_NUM_INTR_INPUTS];/**<
                           ^~~~~~~~~~~~
"Running Make libs in ps7_cortexa9_0/libsrc/scutimer_v2_1/src"
make -C ps7_cortexa9_0/libsrc/scutimer_v2_1/src -s libs  "SHELL=CMD" "COMPILER=arm-none-eabi-gcc" "ARCHIVER=arm-none-eabi-ar" "COMPILER_FLAGS=  -O2 -c" "EXTRA_COMPILER_FLAGS=-mcpu=cortex-a9 -mfpu=vfpv3 -mfloat-abi=hard -nostartfiles -Wall -Wextra"
"Compiling scutimer"
"Running Make libs in ps7_cortexa9_0/libsrc/scuwdt_v2_1/src"
make -C ps7_cortexa9_0/libsrc/scuwdt_v2_1/src -s libs  "SHELL=CMD" "COMPILER=arm-none-eabi-gcc" "ARCHIVER=arm-none-eabi-ar" "COMPILER_FLAGS=  -O2 -c" "EXTRA_COMPILER_FLAGS=-mcpu=cortex-a9 -mfpu=vfpv3 -mfloat-abi=hard -nostartfiles -Wall -Wextra"
"Compiling scuwdt"
"Running Make libs in ps7_cortexa9_0/libsrc/sdps_v3_2/src"
make -C ps7_cortexa9_0/libsrc/sdps_v3_2/src -s libs  "SHELL=CMD" "COMPILER=arm-none-eabi-gcc" "ARCHIVER=arm-none-eabi-ar" "COMPILER_FLAGS=  -O2 -c" "EXTRA_COMPILER_FLAGS=-mcpu=cortex-a9 -mfpu=vfpv3 -mfloat-abi=hard -nostartfiles -Wall -Wextra"
"Compiling sdps"
"Running Make libs in ps7_cortexa9_0/libsrc/standalone_v6_3/src"
make -C ps7_cortexa9_0/libsrc/standalone_v6_3/src -s libs  "SHELL=CMD" "COMPILER=arm-none-eabi-gcc" "ARCHIVER=arm-none-eabi-ar" "COMPILER_FLAGS=  -O2 -c" "EXTRA_COMPILER_FLAGS=-mcpu=cortex-a9 -mfpu=vfpv3 -mfloat-abi=hard -nostartfiles -Wall -Wextra"
"Compiling standalone"
"Running Make libs in ps7_cortexa9_0/libsrc/ttcps_v3_3/src"
make -C ps7_cortexa9_0/libsrc/ttcps_v3_3/src -s libs  "SHELL=CMD" "COMPILER=arm-none-eabi-gcc" "ARCHIVER=arm-none-eabi-ar" "COMPILER_FLAGS=  -O2 -c" "EXTRA_COMPILER_FLAGS=-mcpu=cortex-a9 -mfpu=vfpv3 -mfloat-abi=hard -nostartfiles -Wall -Wextra"
"Compiling ttcps"
"Running Make libs in ps7_cortexa9_0/libsrc/uartps_v3_4/src"
make -C ps7_cortexa9_0/libsrc/uartps_v3_4/src -s libs  "SHELL=CMD" "COMPILER=arm-none-eabi-gcc" "ARCHIVER=arm-none-eabi-ar" "COMPILER_FLAGS=  -O2 -c" "EXTRA_COMPILER_FLAGS=-mcpu=cortex-a9 -mfpu=vfpv3 -mfloat-abi=hard -nostartfiles -Wall -Wextra"
"Compiling uartps"
"Running Make libs in ps7_cortexa9_0/libsrc/usbps_v2_4/src"
make -C ps7_cortexa9_0/libsrc/usbps_v2_4/src -s libs  "SHELL=CMD" "COMPILER=arm-none-eabi-gcc" "ARCHIVER=arm-none-eabi-ar" "COMPILER_FLAGS=  -O2 -c" "EXTRA_COMPILER_FLAGS=-mcpu=cortex-a9 -mfpu=vfpv3 -mfloat-abi=hard -nostartfiles -Wall -Wextra"
"Compiling usbps"
"Running Make libs in ps7_cortexa9_0/libsrc/xadcps_v2_2/src"
make -C ps7_cortexa9_0/libsrc/xadcps_v2_2/src -s libs  "SHELL=CMD" "COMPILER=arm-none-eabi-gcc" "ARCHIVER=arm-none-eabi-ar" "COMPILER_FLAGS=  -O2 -c" "EXTRA_COMPILER_FLAGS=-mcpu=cortex-a9 -mfpu=vfpv3 -mfloat-abi=hard -nostartfiles -Wall -Wextra"
"Compiling xadcps"
"Running Make libs in ps7_cortexa9_0/libsrc/xilffs_v3_6/src"
make -C ps7_cortexa9_0/libsrc/xilffs_v3_6/src -s libs  "SHELL=CMD" "COMPILER=arm-none-eabi-gcc" "ARCHIVER=arm-none-eabi-ar" "COMPILER_FLAGS=  -O2 -c" "EXTRA_COMPILER_FLAGS=-mcpu=cortex-a9 -mfpu=vfpv3 -mfloat-abi=hard -nostartfiles -Wall -Wextra"
"Compiling XilFFs Library"
diskio.c:135:11: warning: 'ExtCsd' defined but not used [-Wunused-variable]
 static u8 ExtCsd[512] __attribute__ ((aligned(32)));
           ^~~~~~
ff.c: In function 'find_volume':
ff.c:2610:4: warning: dereferencing type-punned pointer will break strict-aliasing rules [-Wstrict-aliasing]
    && (LD_DWORD(fs->win+FSI_LeadSig) == 0x41615252U)
    ^~
'Finished building libraries'
18:44:04 **** Clean-only build of configuration Debug for project harrisProjectErrr ****
make clean 
rm -rf  ./src/old_main.d  ./src/FileSDCard.o ./src/TestFileSDCard.o ./src/TestReadImg.o ./src/main.o ./src/old_main.o  ./src/FileSDCard.d ./src/TestFileSDCard.d ./src/TestReadImg.d ./src/main.d  harrisProjectErrr.elf.size  harrisProjectErrr.elf
' '
18:44:05 **** Auto Build of configuration Debug for project harrisProjectErrr ****
make pre-build main-build 
a9-linaro-pre-build-step
' '
'Building file: ../src/FileSDCard.cpp'
'Invoking: ARM v7 g++ compiler'
arm-none-eabi-g++ -Wall -O0 -g3 -c -fmessage-length=0 -MT"src/FileSDCard.o" -mcpu=cortex-a9 -mfpu=vfpv3 -mfloat-abi=hard -I../../harrisProject_bsp/ps7_cortexa9_0/include -MMD -MP -MF"src/FileSDCard.d" -MT"src/FileSDCard.o" -o "src/FileSDCard.o" "../src/FileSDCard.cpp"
'Finished building: ../src/FileSDCard.cpp'
' '
'Building file: ../src/TestFileSDCard.cpp'
'Invoking: ARM v7 g++ compiler'
arm-none-eabi-g++ -Wall -O0 -g3 -c -fmessage-length=0 -MT"src/TestFileSDCard.o" -mcpu=cortex-a9 -mfpu=vfpv3 -mfloat-abi=hard -I../../harrisProject_bsp/ps7_cortexa9_0/include -MMD -MP -MF"src/TestFileSDCard.d" -MT"src/TestFileSDCard.o" -o "src/TestFileSDCard.o" "../src/TestFileSDCard.cpp"
'Finished building: ../src/TestFileSDCard.cpp'
' '
'Building file: ../src/TestReadImg.cpp'
'Invoking: ARM v7 g++ compiler'
arm-none-eabi-g++ -Wall -O0 -g3 -c -fmessage-length=0 -MT"src/TestReadImg.o" -mcpu=cortex-a9 -mfpu=vfpv3 -mfloat-abi=hard -I../../harrisProject_bsp/ps7_cortexa9_0/include -MMD -MP -MF"src/TestReadImg.d" -MT"src/TestReadImg.o" -o "src/TestReadImg.o" "../src/TestReadImg.cpp"
'Finished building: ../src/TestReadImg.cpp'
' '
'Building file: ../src/main.cpp'
'Invoking: ARM v7 g++ compiler'
arm-none-eabi-g++ -Wall -O0 -g3 -c -fmessage-length=0 -MT"src/main.o" -mcpu=cortex-a9 -mfpu=vfpv3 -mfloat-abi=hard -I../../harrisProject_bsp/ps7_cortexa9_0/include -MMD -MP -MF"src/main.d" -MT"src/main.o" -o "src/main.o" "../src/main.cpp"
'Finished building: ../src/main.cpp'
' '
'Building file: ../src/old_main.cc'
'Invoking: ARM v7 g++ compiler'
arm-none-eabi-g++ -Wall -O0 -g3 -c -fmessage-length=0 -MT"src/old_main.o" -mcpu=cortex-a9 -mfpu=vfpv3 -mfloat-abi=hard -I../../harrisProject_bsp/ps7_cortexa9_0/include -MMD -MP -MF"src/old_main.d" -MT"src/old_main.o" -o "src/old_main.o" "../src/old_main.cc"
'Finished building: ../src/old_main.cc'
' '
'Building target: harrisProjectErrr.elf'
'Invoking: ARM v7 g++ linker'
arm-none-eabi-g++ -mcpu=cortex-a9 -mfpu=vfpv3 -mfloat-abi=hard -Wl,-build-id=none -specs=Xilinx.spec -Wl,-T -Wl,../src/lscript.ld -L../../harrisProject_bsp/ps7_cortexa9_0/lib -o "harrisProjectErrr.elf"  ./src/FileSDCard.o ./src/TestFileSDCard.o ./src/TestReadImg.o ./src/main.o ./src/old_main.o   -Wl,--start-group,-lxil,-lgcc,-lc,-lstdc++,--end-group -Wl,--start-group,-lxilffs,-lxil,-lgcc,-lc,--end-group
./src/old_main.o: In function `main':
C:\master\EmbeddedPRJ\MiniProjectCPP\MiniProjectCPP.sdk\harrisProjectErrr\Debug/../src/old_main.cc:6: multiple definition of `main'
./src/main.o:C:\master\EmbeddedPRJ\MiniProjectCPP\MiniProjectCPP.sdk\harrisProjectErrr\Debug/../src/main.cpp:21: first defined here
collect2.exe: error: ld returned 1 exit status
make: *** [harrisProjectErrr.elf] Error 1
18:44:19 **** Clean-only build of configuration Debug for project harrisProjectErrr ****
make clean 
rm -rf  ./src/old_main.d  ./src/FileSDCard.o ./src/TestFileSDCard.o ./src/TestReadImg.o ./src/main.o ./src/old_main.o  ./src/FileSDCard.d ./src/TestFileSDCard.d ./src/TestReadImg.d ./src/main.d  harrisProjectErrr.elf.size  harrisProjectErrr.elf
' '
18:44:19 **** Auto Build of configuration Debug for project harrisProjectErrr ****
make pre-build main-build 
a9-linaro-pre-build-step
' '
'Building file: ../src/FileSDCard.cpp'
'Invoking: ARM v7 g++ compiler'
arm-none-eabi-g++ -Wall -O0 -g3 -c -fmessage-length=0 -MT"src/FileSDCard.o" -mcpu=cortex-a9 -mfpu=vfpv3 -mfloat-abi=hard -I../../harrisProject_bsp/ps7_cortexa9_0/include -MMD -MP -MF"src/FileSDCard.d" -MT"src/FileSDCard.o" -o "src/FileSDCard.o" "../src/FileSDCard.cpp"
'Finished building: ../src/FileSDCard.cpp'
' '
'Building file: ../src/TestFileSDCard.cpp'
'Invoking: ARM v7 g++ compiler'
arm-none-eabi-g++ -Wall -O0 -g3 -c -fmessage-length=0 -MT"src/TestFileSDCard.o" -mcpu=cortex-a9 -mfpu=vfpv3 -mfloat-abi=hard -I../../harrisProject_bsp/ps7_cortexa9_0/include -MMD -MP -MF"src/TestFileSDCard.d" -MT"src/TestFileSDCard.o" -o "src/TestFileSDCard.o" "../src/TestFileSDCard.cpp"
'Finished building: ../src/TestFileSDCard.cpp'
' '
'Building file: ../src/TestReadImg.cpp'
'Invoking: ARM v7 g++ compiler'
arm-none-eabi-g++ -Wall -O0 -g3 -c -fmessage-length=0 -MT"src/TestReadImg.o" -mcpu=cortex-a9 -mfpu=vfpv3 -mfloat-abi=hard -I../../harrisProject_bsp/ps7_cortexa9_0/include -MMD -MP -MF"src/TestReadImg.d" -MT"src/TestReadImg.o" -o "src/TestReadImg.o" "../src/TestReadImg.cpp"
'Finished building: ../src/TestReadImg.cpp'
' '
'Building file: ../src/main.cpp'
'Invoking: ARM v7 g++ compiler'
arm-none-eabi-g++ -Wall -O0 -g3 -c -fmessage-length=0 -MT"src/main.o" -mcpu=cortex-a9 -mfpu=vfpv3 -mfloat-abi=hard -I../../harrisProject_bsp/ps7_cortexa9_0/include -MMD -MP -MF"src/main.d" -MT"src/main.o" -o "src/main.o" "../src/main.cpp"
'Finished building: ../src/main.cpp'
' '
'Building file: ../src/old_main.cc'
'Invoking: ARM v7 g++ compiler'
arm-none-eabi-g++ -Wall -O0 -g3 -c -fmessage-length=0 -MT"src/old_main.o" -mcpu=cortex-a9 -mfpu=vfpv3 -mfloat-abi=hard -I../../harrisProject_bsp/ps7_cortexa9_0/include -MMD -MP -MF"src/old_main.d" -MT"src/old_main.o" -o "src/old_main.o" "../src/old_main.cc"
'Finished building: ../src/old_main.cc'
' '
'Building target: harrisProjectErrr.elf'
'Invoking: ARM v7 g++ linker'
arm-none-eabi-g++ -mcpu=cortex-a9 -mfpu=vfpv3 -mfloat-abi=hard -Wl,-build-id=none -specs=Xilinx.spec -Wl,-T -Wl,../src/lscript.ld -L../../harrisProject_bsp/ps7_cortexa9_0/lib -o "harrisProjectErrr.elf"  ./src/FileSDCard.o ./src/TestFileSDCard.o ./src/TestReadImg.o ./src/main.o ./src/old_main.o   -Wl,--start-group,-lxil,-lgcc,-lc,-lstdc++,--end-group -Wl,--start-group,-lxilffs,-lxil,-lgcc,-lc,--end-group
./src/old_main.o: In function `main':
C:\master\EmbeddedPRJ\MiniProjectCPP\MiniProjectCPP.sdk\harrisProjectErrr\Debug/../src/old_main.cc:6: multiple definition of `main'
./src/main.o:C:\master\EmbeddedPRJ\MiniProjectCPP\MiniProjectCPP.sdk\harrisProjectErrr\Debug/../src/main.cpp:21: first defined here
collect2.exe: error: ld returned 1 exit status
make: *** [harrisProjectErrr.elf] Error 1
18:44:48 **** Auto Build of configuration Debug for project harrisProjectErrr ****
make pre-build main-build 
a9-linaro-pre-build-step
' '
'Building file: ../src/old_main.cc'
'Invoking: ARM v7 g++ compiler'
arm-none-eabi-g++ -Wall -O0 -g3 -c -fmessage-length=0 -MT"src/old_main.o" -mcpu=cortex-a9 -mfpu=vfpv3 -mfloat-abi=hard -I../../harrisProject_bsp/ps7_cortexa9_0/include -MMD -MP -MF"src/old_main.d" -MT"src/old_main.o" -o "src/old_main.o" "../src/old_main.cc"
'Finished building: ../src/old_main.cc'
' '
'Building target: harrisProjectErrr.elf'
'Invoking: ARM v7 g++ linker'
arm-none-eabi-g++ -mcpu=cortex-a9 -mfpu=vfpv3 -mfloat-abi=hard -Wl,-build-id=none -specs=Xilinx.spec -Wl,-T -Wl,../src/lscript.ld -L../../harrisProject_bsp/ps7_cortexa9_0/lib -o "harrisProjectErrr.elf"  ./src/FileSDCard.o ./src/TestFileSDCard.o ./src/TestReadImg.o ./src/main.o ./src/old_main.o   -Wl,--start-group,-lxil,-lgcc,-lc,-lstdc++,--end-group -Wl,--start-group,-lxilffs,-lxil,-lgcc,-lc,--end-group
'Finished building target: harrisProjectErrr.elf'
' '
'Invoking: ARM v7 Print Size'
arm-none-eabi-size harrisProjectErrr.elf  |tee "harrisProjectErrr.elf.size"
   text	   data	    bss	    dec	    hex	filename
 107200	   2624	  25600	 135424	  21100	harrisProjectErrr.elf
'Finished building: harrisProjectErrr.elf.size'
' '
18:45:06 **** Auto Build of configuration Debug for project harrisProjectErrr ****
make pre-build main-build 
a9-linaro-pre-build-step
' '
make: No se hace nada para `main-build'.
18:55:57 **** Clean-only build of configuration Debug for project harrisProjectErrr ****
make clean 
rm -rf  ./src/old_main.d  ./src/FileSDCard.o ./src/TestFileSDCard.o ./src/TestReadImg.o ./src/main.o ./src/old_main.o  ./src/FileSDCard.d ./src/TestFileSDCard.d ./src/TestReadImg.d ./src/main.d  harrisProjectErrr.elf.size  harrisProjectErrr.elf
' '
18:55:58 **** Auto Build of configuration Debug for project harrisProjectErrr ****
make pre-build main-build 
a9-linaro-pre-build-step
' '
'Building file: ../src/FileSDCard.cpp'
'Invoking: ARM v7 g++ compiler'
arm-none-eabi-g++ -Wall -O0 -g3 -c -fmessage-length=0 -MT"src/FileSDCard.o" -mcpu=cortex-a9 -mfpu=vfpv3 -mfloat-abi=hard -I../../harrisProject_bsp/ps7_cortexa9_0/include -MMD -MP -MF"src/FileSDCard.d" -MT"src/FileSDCard.o" -o "src/FileSDCard.o" "../src/FileSDCard.cpp"
'Finished building: ../src/FileSDCard.cpp'
' '
'Building file: ../src/TestFileSDCard.cpp'
'Invoking: ARM v7 g++ compiler'
arm-none-eabi-g++ -Wall -O0 -g3 -c -fmessage-length=0 -MT"src/TestFileSDCard.o" -mcpu=cortex-a9 -mfpu=vfpv3 -mfloat-abi=hard -I../../harrisProject_bsp/ps7_cortexa9_0/include -MMD -MP -MF"src/TestFileSDCard.d" -MT"src/TestFileSDCard.o" -o "src/TestFileSDCard.o" "../src/TestFileSDCard.cpp"
'Finished building: ../src/TestFileSDCard.cpp'
' '
'Building file: ../src/TestReadImg.cpp'
'Invoking: ARM v7 g++ compiler'
arm-none-eabi-g++ -Wall -O0 -g3 -c -fmessage-length=0 -MT"src/TestReadImg.o" -mcpu=cortex-a9 -mfpu=vfpv3 -mfloat-abi=hard -I../../harrisProject_bsp/ps7_cortexa9_0/include -MMD -MP -MF"src/TestReadImg.d" -MT"src/TestReadImg.o" -o "src/TestReadImg.o" "../src/TestReadImg.cpp"
'Finished building: ../src/TestReadImg.cpp'
' '
'Building file: ../src/main.cpp'
'Invoking: ARM v7 g++ compiler'
arm-none-eabi-g++ -Wall -O0 -g3 -c -fmessage-length=0 -MT"src/main.o" -mcpu=cortex-a9 -mfpu=vfpv3 -mfloat-abi=hard -I../../harrisProject_bsp/ps7_cortexa9_0/include -MMD -MP -MF"src/main.d" -MT"src/main.o" -o "src/main.o" "../src/main.cpp"
'Finished building: ../src/main.cpp'
' '
'Building target: harrisProjectErrr.elf'
'Invoking: ARM v7 g++ linker'
arm-none-eabi-g++ -mcpu=cortex-a9 -mfpu=vfpv3 -mfloat-abi=hard -Wl,-build-id=none -specs=Xilinx.spec -Wl,-T -Wl,../src/lscript.ld -L../../harrisProject_bsp/ps7_cortexa9_0/lib -o "harrisProjectErrr.elf"  ./src/FileSDCard.o ./src/TestFileSDCard.o ./src/TestReadImg.o ./src/main.o   -Wl,--start-group,-lxil,-lgcc,-lc,-lstdc++,--end-group -Wl,--start-group,-lxilffs,-lxil,-lgcc,-lc,--end-group
'Finished building target: harrisProjectErrr.elf'
' '
'Invoking: ARM v7 Print Size'
arm-none-eabi-size harrisProjectErrr.elf  |tee "harrisProjectErrr.elf.size"
   text	   data	    bss	    dec	    hex	filename
 107200	   2624	  25600	 135424	  21100	harrisProjectErrr.elf
'Finished building: harrisProjectErrr.elf.size'
' '
08:54:32 **** Clean-only build of configuration Debug for project harrisProjectErrr ****
make clean 
rm -rf  ./src/FileSDCard.o ./src/TestFileSDCard.o ./src/TestReadImg.o ./src/main.o  ./src/FileSDCard.d ./src/TestFileSDCard.d ./src/TestReadImg.d ./src/main.d  harrisProjectErrr.elf.size  harrisProjectErrr.elf
' '
08:54:33 **** Auto Build of configuration Debug for project harrisProjectErrr ****
make pre-build main-build 
a9-linaro-pre-build-step
' '
'Building file: ../src/FileSDCard.cpp'
'Invoking: ARM v7 g++ compiler'
arm-none-eabi-g++ -Wall -O0 -g3 -c -fmessage-length=0 -MT"src/FileSDCard.o" -mcpu=cortex-a9 -mfpu=vfpv3 -mfloat-abi=hard -I../../harrisProject_bsp/ps7_cortexa9_0/include -MMD -MP -MF"src/FileSDCard.d" -MT"src/FileSDCard.o" -o "src/FileSDCard.o" "../src/FileSDCard.cpp"
'Finished building: ../src/FileSDCard.cpp'
' '
'Building file: ../src/ImageSDCard.cpp'
'Invoking: ARM v7 g++ compiler'
arm-none-eabi-g++ -Wall -O0 -g3 -c -fmessage-length=0 -MT"src/ImageSDCard.o" -mcpu=cortex-a9 -mfpu=vfpv3 -mfloat-abi=hard -I../../harrisProject_bsp/ps7_cortexa9_0/include -MMD -MP -MF"src/ImageSDCard.d" -MT"src/ImageSDCard.o" -o "src/ImageSDCard.o" "../src/ImageSDCard.cpp"
../src/ImageSDCard.cpp:10:6: error: 'FileSDCard' has not been declared
 bool FileSDCard::m_mounted = false;
      ^~~~~~~~~~
../src/ImageSDCard.cpp:12:5: error: 'FileSDCard' has not been declared
 int FileSDCard::mount(bool remount)
     ^~~~~~~~~~
../src/ImageSDCard.cpp: In function 'int mount(bool)':
../src/ImageSDCard.cpp:16:27: error: 'pathName' was not declared in this scope
   Res = f_mount(&m_fatfs, pathName, 0);
                           ^~~~~~~~
../src/ImageSDCard.cpp: At global scope:
../src/ImageSDCard.cpp:26:5: error: 'FileSDCard' has not been declared
 int FileSDCard::open(char *name, BYTE mode)
     ^~~~~~~~~~
../src/ImageSDCard.cpp: In function 'int open(char*, BYTE)':
../src/ImageSDCard.cpp:32:9: error: 'fileName' was not declared in this scope
  strcpy(fileName, name);
         ^~~~~~~~
../src/ImageSDCard.cpp:34:16: error: 'm_fil' was not declared in this scope
  Res = f_open(&m_fil, fileName, mode);
                ^~~~~
../src/ImageSDCard.cpp: At global scope:
../src/ImageSDCard.cpp:45:5: error: 'FileSDCard' has not been declared
 int FileSDCard::read(void *buffer, int size, bool fromStart)
     ^~~~~~~~~~
../src/ImageSDCard.cpp: In function 'int read(void*, int, bool)':
../src/ImageSDCard.cpp:50:18: error: 'm_fil' was not declared in this scope
   Res = f_lseek(&m_fil, 0);
                  ^~~~~
../src/ImageSDCard.cpp:55:16: error: 'm_fil' was not declared in this scope
  Res = f_read(&m_fil, (void*)buffer, size,
                ^~~~~
../src/ImageSDCard.cpp:56:7: error: 'NumBytesRead' was not declared in this scope
      &NumBytesRead);
       ^~~~~~~~~~~~
../src/ImageSDCard.cpp:62:9: error: 'imgFileSize' was not declared in this scope
         imgFileSize = m_fil[IMG_SIZE] | m_fil[IMG_SIZE + 1] << 8 | m_fil[IMG_SIZE + 2] << 16 | m_fil[IMG_SIZE + 2] << 24;
         ^~~~~~~~~~~
../src/ImageSDCard.cpp: At global scope:
../src/ImageSDCard.cpp:68:5: error: 'FileSDCard' has not been declared
 int FileSDCard::write(const void* buffer, int size, bool append)
     ^~~~~~~~~~
../src/ImageSDCard.cpp: In function 'int write(const void*, int, bool)':
../src/ImageSDCard.cpp:73:18: error: 'm_fil' was not declared in this scope
   Res = f_lseek(&m_fil, 0);
                  ^~~~~
../src/ImageSDCard.cpp:78:17: error: 'm_fil' was not declared in this scope
  Res = f_write(&m_fil, (const void*)buffer, size,
                 ^~~~~
../src/ImageSDCard.cpp:79:10: error: 'NumBytesWritten' was not declared in this scope
         &NumBytesWritten);
          ^~~~~~~~~~~~~~~
../src/ImageSDCard.cpp: At global scope:
../src/ImageSDCard.cpp:86:5: error: 'FileSDCard' has not been declared
 int FileSDCard::close()
     ^~~~~~~~~~
../src/ImageSDCard.cpp: In function 'int close()':
../src/ImageSDCard.cpp:89:17: error: 'm_fil' was not declared in this scope
  Res = f_close(&m_fil);
                 ^~~~~
make: *** [src/ImageSDCard.o] Error 1
08:54:58 **** Auto Build of configuration Debug for project harrisProjectErrr ****
make pre-build main-build 
a9-linaro-pre-build-step
' '
'Building file: ../src/ImageSDCard.cpp'
'Invoking: ARM v7 g++ compiler'
arm-none-eabi-g++ -Wall -O0 -g3 -c -fmessage-length=0 -MT"src/ImageSDCard.o" -mcpu=cortex-a9 -mfpu=vfpv3 -mfloat-abi=hard -I../../harrisProject_bsp/ps7_cortexa9_0/include -MMD -MP -MF"src/ImageSDCard.d" -MT"src/ImageSDCard.o" -o "src/ImageSDCard.o" "../src/ImageSDCard.cpp"
../src/ImageSDCard.cpp: In member function 'int ImageSDCard::read(void*, int, bool)':
../src/ImageSDCard.cpp:62:28: error: no match for 'operator[]' (operand types are 'FIL' and 'int')
         imgFileSize = m_fil[IMG_SIZE] | m_fil[IMG_SIZE + 1] << 8 | m_fil[IMG_SIZE + 2] << 16 | m_fil[IMG_SIZE + 2] << 24;
                            ^
../src/ImageSDCard.cpp:62:46: error: no match for 'operator[]' (operand types are 'FIL' and 'int')
         imgFileSize = m_fil[IMG_SIZE] | m_fil[IMG_SIZE + 1] << 8 | m_fil[IMG_SIZE + 2] << 16 | m_fil[IMG_SIZE + 2] << 24;
                                              ^
../src/ImageSDCard.cpp:62:73: error: no match for 'operator[]' (operand types are 'FIL' and 'int')
         imgFileSize = m_fil[IMG_SIZE] | m_fil[IMG_SIZE + 1] << 8 | m_fil[IMG_SIZE + 2] << 16 | m_fil[IMG_SIZE + 2] << 24;
                                                                         ^
../src/ImageSDCard.cpp:62:101: error: no match for 'operator[]' (operand types are 'FIL' and 'int')
         imgFileSize = m_fil[IMG_SIZE] | m_fil[IMG_SIZE + 1] << 8 | m_fil[IMG_SIZE + 2] << 16 | m_fil[IMG_SIZE + 2] << 24;
                                                                                                     ^
make: *** [src/ImageSDCard.o] Error 1
08:56:11 **** Auto Build of configuration Debug for project harrisProjectErrr ****
make pre-build main-build 
a9-linaro-pre-build-step
' '
'Building file: ../src/ImageSDCard.cpp'
'Invoking: ARM v7 g++ compiler'
arm-none-eabi-g++ -Wall -O0 -g3 -c -fmessage-length=0 -MT"src/ImageSDCard.o" -mcpu=cortex-a9 -mfpu=vfpv3 -mfloat-abi=hard -I../../harrisProject_bsp/ps7_cortexa9_0/include -MMD -MP -MF"src/ImageSDCard.d" -MT"src/ImageSDCard.o" -o "src/ImageSDCard.o" "../src/ImageSDCard.cpp"
../src/ImageSDCard.cpp: In member function 'int ImageSDCard::read(void*, int, bool)':
../src/ImageSDCard.cpp:62:38: warning: pointer of type 'void *' used in arithmetic [-Wpointer-arith]
         imgFileSize = buffer[IMG_SIZE] | buffer[IMG_SIZE + 1] << 8 | buffer[IMG_SIZE + 2] << 16 | buffer[IMG_SIZE + 2] << 24;
                                      ^
../src/ImageSDCard.cpp:62:38: error: 'void*' is not a pointer-to-object type
../src/ImageSDCard.cpp:62:61: warning: pointer of type 'void *' used in arithmetic [-Wpointer-arith]
         imgFileSize = buffer[IMG_SIZE] | buffer[IMG_SIZE + 1] << 8 | buffer[IMG_SIZE + 2] << 16 | buffer[IMG_SIZE + 2] << 24;
                                                             ^
../src/ImageSDCard.cpp:62:61: error: 'void*' is not a pointer-to-object type
../src/ImageSDCard.cpp:62:89: warning: pointer of type 'void *' used in arithmetic [-Wpointer-arith]
         imgFileSize = buffer[IMG_SIZE] | buffer[IMG_SIZE + 1] << 8 | buffer[IMG_SIZE + 2] << 16 | buffer[IMG_SIZE + 2] << 24;
                                                                                         ^
../src/ImageSDCard.cpp:62:89: error: 'void*' is not a pointer-to-object type
../src/ImageSDCard.cpp:62:118: warning: pointer of type 'void *' used in arithmetic [-Wpointer-arith]
         imgFileSize = buffer[IMG_SIZE] | buffer[IMG_SIZE + 1] << 8 | buffer[IMG_SIZE + 2] << 16 | buffer[IMG_SIZE + 2] << 24;
                                                                                                                      ^
../src/ImageSDCard.cpp:62:118: error: 'void*' is not a pointer-to-object type
make: *** [src/ImageSDCard.o] Error 1
08:57:30 **** Auto Build of configuration Debug for project harrisProjectErrr ****
make pre-build main-build 
a9-linaro-pre-build-step
' '
'Building file: ../src/ImageSDCard.cpp'
'Invoking: ARM v7 g++ compiler'
arm-none-eabi-g++ -Wall -O0 -g3 -c -fmessage-length=0 -MT"src/ImageSDCard.o" -mcpu=cortex-a9 -mfpu=vfpv3 -mfloat-abi=hard -I../../harrisProject_bsp/ps7_cortexa9_0/include -MMD -MP -MF"src/ImageSDCard.d" -MT"src/ImageSDCard.o" -o "src/ImageSDCard.o" "../src/ImageSDCard.cpp"
../src/ImageSDCard.cpp: In member function 'int ImageSDCard::read(void*, int, bool)':
../src/ImageSDCard.cpp:62:39: warning: pointer of type 'void *' used in arithmetic [-Wpointer-arith]
         imgFileSize = *buffer[IMG_SIZE] | *buffer[IMG_SIZE + 1] << 8 | buffer[IMG_SIZE + 2] << 16 | buffer[IMG_SIZE + 2] << 24;
                                       ^
../src/ImageSDCard.cpp:62:39: error: 'void*' is not a pointer-to-object type
../src/ImageSDCard.cpp:62:63: warning: pointer of type 'void *' used in arithmetic [-Wpointer-arith]
         imgFileSize = *buffer[IMG_SIZE] | *buffer[IMG_SIZE + 1] << 8 | buffer[IMG_SIZE + 2] << 16 | buffer[IMG_SIZE + 2] << 24;
                                                               ^
../src/ImageSDCard.cpp:62:63: error: 'void*' is not a pointer-to-object type
../src/ImageSDCard.cpp:62:91: warning: pointer of type 'void *' used in arithmetic [-Wpointer-arith]
         imgFileSize = *buffer[IMG_SIZE] | *buffer[IMG_SIZE + 1] << 8 | buffer[IMG_SIZE + 2] << 16 | buffer[IMG_SIZE + 2] << 24;
                                                                                           ^
../src/ImageSDCard.cpp:62:91: error: 'void*' is not a pointer-to-object type
../src/ImageSDCard.cpp:62:120: warning: pointer of type 'void *' used in arithmetic [-Wpointer-arith]
         imgFileSize = *buffer[IMG_SIZE] | *buffer[IMG_SIZE + 1] << 8 | buffer[IMG_SIZE + 2] << 16 | buffer[IMG_SIZE + 2] << 24;
                                                                                                                        ^
../src/ImageSDCard.cpp:62:120: error: 'void*' is not a pointer-to-object type
make: *** [src/ImageSDCard.o] Error 1
08:57:45 **** Auto Build of configuration Debug for project harrisProjectErrr ****
make pre-build main-build 
a9-linaro-pre-build-step
' '
'Building file: ../src/ImageSDCard.cpp'
'Invoking: ARM v7 g++ compiler'
arm-none-eabi-g++ -Wall -O0 -g3 -c -fmessage-length=0 -MT"src/ImageSDCard.o" -mcpu=cortex-a9 -mfpu=vfpv3 -mfloat-abi=hard -I../../harrisProject_bsp/ps7_cortexa9_0/include -MMD -MP -MF"src/ImageSDCard.d" -MT"src/ImageSDCard.o" -o "src/ImageSDCard.o" "../src/ImageSDCard.cpp"
../src/ImageSDCard.cpp: In member function 'int ImageSDCard::read(void*, int, bool)':
../src/ImageSDCard.cpp:62:39: warning: pointer of type 'void *' used in arithmetic [-Wpointer-arith]
         imgFileSize = *buffer[IMG_SIZE] | *buffer[IMG_SIZE + 1] << 8 | *buffer[IMG_SIZE + 2] << 16 | *buffer[IMG_SIZE + 2] << 24;
                                       ^
../src/ImageSDCard.cpp:62:39: error: 'void*' is not a pointer-to-object type
../src/ImageSDCard.cpp:62:63: warning: pointer of type 'void *' used in arithmetic [-Wpointer-arith]
         imgFileSize = *buffer[IMG_SIZE] | *buffer[IMG_SIZE + 1] << 8 | *buffer[IMG_SIZE + 2] << 16 | *buffer[IMG_SIZE + 2] << 24;
                                                               ^
../src/ImageSDCard.cpp:62:63: error: 'void*' is not a pointer-to-object type
../src/ImageSDCard.cpp:62:92: warning: pointer of type 'void *' used in arithmetic [-Wpointer-arith]
         imgFileSize = *buffer[IMG_SIZE] | *buffer[IMG_SIZE + 1] << 8 | *buffer[IMG_SIZE + 2] << 16 | *buffer[IMG_SIZE + 2] << 24;
                                                                                            ^
../src/ImageSDCard.cpp:62:92: error: 'void*' is not a pointer-to-object type
../src/ImageSDCard.cpp:62:122: warning: pointer of type 'void *' used in arithmetic [-Wpointer-arith]
         imgFileSize = *buffer[IMG_SIZE] | *buffer[IMG_SIZE + 1] << 8 | *buffer[IMG_SIZE + 2] << 16 | *buffer[IMG_SIZE + 2] << 24;
                                                                                                                          ^
../src/ImageSDCard.cpp:62:122: error: 'void*' is not a pointer-to-object type
make: *** [src/ImageSDCard.o] Error 1
08:58:25 **** Auto Build of configuration Debug for project harrisProjectErrr ****
make pre-build main-build 
a9-linaro-pre-build-step
' '
'Building file: ../src/ImageSDCard.cpp'
'Invoking: ARM v7 g++ compiler'
arm-none-eabi-g++ -Wall -O0 -g3 -c -fmessage-length=0 -MT"src/ImageSDCard.o" -mcpu=cortex-a9 -mfpu=vfpv3 -mfloat-abi=hard -I../../harrisProject_bsp/ps7_cortexa9_0/include -MMD -MP -MF"src/ImageSDCard.d" -MT"src/ImageSDCard.o" -o "src/ImageSDCard.o" "../src/ImageSDCard.cpp"
../src/ImageSDCard.cpp: In member function 'int ImageSDCard::read(void*, int, bool)':
../src/ImageSDCard.cpp:62:38: warning: pointer of type 'void *' used in arithmetic [-Wpointer-arith]
         imgFileSize = buffer[IMG_SIZE] | buffer[IMG_SIZE + 1] << 8 | buffer[IMG_SIZE + 2] << 16 | buffer[IMG_SIZE + 3] << 24;
                                      ^
../src/ImageSDCard.cpp:62:38: error: 'void*' is not a pointer-to-object type
../src/ImageSDCard.cpp:62:61: warning: pointer of type 'void *' used in arithmetic [-Wpointer-arith]
         imgFileSize = buffer[IMG_SIZE] | buffer[IMG_SIZE + 1] << 8 | buffer[IMG_SIZE + 2] << 16 | buffer[IMG_SIZE + 3] << 24;
                                                             ^
../src/ImageSDCard.cpp:62:61: error: 'void*' is not a pointer-to-object type
../src/ImageSDCard.cpp:62:89: warning: pointer of type 'void *' used in arithmetic [-Wpointer-arith]
         imgFileSize = buffer[IMG_SIZE] | buffer[IMG_SIZE + 1] << 8 | buffer[IMG_SIZE + 2] << 16 | buffer[IMG_SIZE + 3] << 24;
                                                                                         ^
../src/ImageSDCard.cpp:62:89: error: 'void*' is not a pointer-to-object type
../src/ImageSDCard.cpp:62:118: warning: pointer of type 'void *' used in arithmetic [-Wpointer-arith]
         imgFileSize = buffer[IMG_SIZE] | buffer[IMG_SIZE + 1] << 8 | buffer[IMG_SIZE + 2] << 16 | buffer[IMG_SIZE + 3] << 24;
                                                                                                                      ^
../src/ImageSDCard.cpp:62:118: error: 'void*' is not a pointer-to-object type
make: *** [src/ImageSDCard.o] Error 1
09:00:32 **** Auto Build of configuration Debug for project harrisProjectErrr ****
make pre-build main-build 
a9-linaro-pre-build-step
' '
'Building file: ../src/ImageSDCard.cpp'
'Invoking: ARM v7 g++ compiler'
arm-none-eabi-g++ -Wall -O0 -g3 -c -fmessage-length=0 -MT"src/ImageSDCard.o" -mcpu=cortex-a9 -mfpu=vfpv3 -mfloat-abi=hard -I../../harrisProject_bsp/ps7_cortexa9_0/include -MMD -MP -MF"src/ImageSDCard.d" -MT"src/ImageSDCard.o" -o "src/ImageSDCard.o" "../src/ImageSDCard.cpp"
../src/ImageSDCard.cpp: In member function 'int ImageSDCard::read(void*, int, bool)':
../src/ImageSDCard.cpp:62:45: warning: pointer of type 'void *' used in arithmetic [-Wpointer-arith]
         imgFileSize = *(int*)buffer[IMG_SIZE] | buffer[IMG_SIZE + 1] << 8 | buffer[IMG_SIZE + 2] << 16 | buffer[IMG_SIZE + 3] << 24;
                                             ^
../src/ImageSDCard.cpp:62:45: error: 'void*' is not a pointer-to-object type
../src/ImageSDCard.cpp:62:68: warning: pointer of type 'void *' used in arithmetic [-Wpointer-arith]
         imgFileSize = *(int*)buffer[IMG_SIZE] | buffer[IMG_SIZE + 1] << 8 | buffer[IMG_SIZE + 2] << 16 | buffer[IMG_SIZE + 3] << 24;
                                                                    ^
../src/ImageSDCard.cpp:62:68: error: 'void*' is not a pointer-to-object type
../src/ImageSDCard.cpp:62:96: warning: pointer of type 'void *' used in arithmetic [-Wpointer-arith]
         imgFileSize = *(int*)buffer[IMG_SIZE] | buffer[IMG_SIZE + 1] << 8 | buffer[IMG_SIZE + 2] << 16 | buffer[IMG_SIZE + 3] << 24;
                                                                                                ^
../src/ImageSDCard.cpp:62:96: error: 'void*' is not a pointer-to-object type
../src/ImageSDCard.cpp:62:125: warning: pointer of type 'void *' used in arithmetic [-Wpointer-arith]
         imgFileSize = *(int*)buffer[IMG_SIZE] | buffer[IMG_SIZE + 1] << 8 | buffer[IMG_SIZE + 2] << 16 | buffer[IMG_SIZE + 3] << 24;
                                                                                                                             ^
../src/ImageSDCard.cpp:62:125: error: 'void*' is not a pointer-to-object type
make: *** [src/ImageSDCard.o] Error 1
09:00:45 **** Auto Build of configuration Debug for project harrisProjectErrr ****
make pre-build main-build 
a9-linaro-pre-build-step
' '
'Building file: ../src/ImageSDCard.cpp'
'Invoking: ARM v7 g++ compiler'
arm-none-eabi-g++ -Wall -O0 -g3 -c -fmessage-length=0 -MT"src/ImageSDCard.o" -mcpu=cortex-a9 -mfpu=vfpv3 -mfloat-abi=hard -I../../harrisProject_bsp/ps7_cortexa9_0/include -MMD -MP -MF"src/ImageSDCard.d" -MT"src/ImageSDCard.o" -o "src/ImageSDCard.o" "../src/ImageSDCard.cpp"
../src/ImageSDCard.cpp: In member function 'int ImageSDCard::read(void*, int, bool)':
../src/ImageSDCard.cpp:62:45: warning: pointer of type 'void *' used in arithmetic [-Wpointer-arith]
         imgFileSize = *(int*)buffer[IMG_SIZE] | *(int*)buffer[IMG_SIZE + 1] << 8 | *(int*)buffer[IMG_SIZE + 2] << 16 | *(int*)buffer[IMG_SIZE + 3] << 24;
                                             ^
../src/ImageSDCard.cpp:62:45: error: 'void*' is not a pointer-to-object type
../src/ImageSDCard.cpp:62:75: warning: pointer of type 'void *' used in arithmetic [-Wpointer-arith]
         imgFileSize = *(int*)buffer[IMG_SIZE] | *(int*)buffer[IMG_SIZE + 1] << 8 | *(int*)buffer[IMG_SIZE + 2] << 16 | *(int*)buffer[IMG_SIZE + 3] << 24;
                                                                           ^
../src/ImageSDCard.cpp:62:75: error: 'void*' is not a pointer-to-object type
../src/ImageSDCard.cpp:62:110: warning: pointer of type 'void *' used in arithmetic [-Wpointer-arith]
         imgFileSize = *(int*)buffer[IMG_SIZE] | *(int*)buffer[IMG_SIZE + 1] << 8 | *(int*)buffer[IMG_SIZE + 2] << 16 | *(int*)buffer[IMG_SIZE + 3] << 24;
                                                                                                              ^
../src/ImageSDCard.cpp:62:110: error: 'void*' is not a pointer-to-object type
../src/ImageSDCard.cpp:62:146: warning: pointer of type 'void *' used in arithmetic [-Wpointer-arith]
         imgFileSize = *(int*)buffer[IMG_SIZE] | *(int*)buffer[IMG_SIZE + 1] << 8 | *(int*)buffer[IMG_SIZE + 2] << 16 | *(int*)buffer[IMG_SIZE + 3] << 24;
                                                                                                                                                  ^
../src/ImageSDCard.cpp:62:146: error: 'void*' is not a pointer-to-object type
make: *** [src/ImageSDCard.o] Error 1
09:04:27 **** Auto Build of configuration Debug for project harrisProjectErrr ****
make pre-build main-build 
a9-linaro-pre-build-step
' '
'Building file: ../src/ImageSDCard.cpp'
'Invoking: ARM v7 g++ compiler'
arm-none-eabi-g++ -Wall -O0 -g3 -c -fmessage-length=0 -MT"src/ImageSDCard.o" -mcpu=cortex-a9 -mfpu=vfpv3 -mfloat-abi=hard -I../../harrisProject_bsp/ps7_cortexa9_0/include -MMD -MP -MF"src/ImageSDCard.d" -MT"src/ImageSDCard.o" -o "src/ImageSDCard.o" "../src/ImageSDCard.cpp"
../src/ImageSDCard.cpp: In member function 'int ImageSDCard::read(void*, int, bool)':
../src/ImageSDCard.cpp:62:45: warning: pointer of type 'void *' used in arithmetic [-Wpointer-arith]
         imgFileSize = *(int*)buffer[IMG_SIZE];
                                             ^
../src/ImageSDCard.cpp:62:45: error: 'void*' is not a pointer-to-object type
make: *** [src/ImageSDCard.o] Error 1
09:04:33 **** Auto Build of configuration Debug for project harrisProjectErrr ****
make pre-build main-build 
a9-linaro-pre-build-step
' '
'Building file: ../src/ImageSDCard.cpp'
'Invoking: ARM v7 g++ compiler'
arm-none-eabi-g++ -Wall -O0 -g3 -c -fmessage-length=0 -MT"src/ImageSDCard.o" -mcpu=cortex-a9 -mfpu=vfpv3 -mfloat-abi=hard -I../../harrisProject_bsp/ps7_cortexa9_0/include -MMD -MP -MF"src/ImageSDCard.d" -MT"src/ImageSDCard.o" -o "src/ImageSDCard.o" "../src/ImageSDCard.cpp"
../src/ImageSDCard.cpp: In member function 'int ImageSDCard::read(void*, int, bool)':
../src/ImageSDCard.cpp:62:39: warning: pointer of type 'void *' used in arithmetic [-Wpointer-arith]
         imgFileSize = *buffer[IMG_SIZE];
                                       ^
../src/ImageSDCard.cpp:62:39: error: 'void*' is not a pointer-to-object type
make: *** [src/ImageSDCard.o] Error 1
09:05:31 **** Auto Build of configuration Debug for project harrisProjectErrr ****
make pre-build main-build 
a9-linaro-pre-build-step
' '
'Building file: ../src/ImageSDCard.cpp'
'Invoking: ARM v7 g++ compiler'
arm-none-eabi-g++ -Wall -O0 -g3 -c -fmessage-length=0 -MT"src/ImageSDCard.o" -mcpu=cortex-a9 -mfpu=vfpv3 -mfloat-abi=hard -I../../harrisProject_bsp/ps7_cortexa9_0/include -MMD -MP -MF"src/ImageSDCard.d" -MT"src/ImageSDCard.o" -o "src/ImageSDCard.o" "../src/ImageSDCard.cpp"
../src/ImageSDCard.cpp: In member function 'int ImageSDCard::read(void*, int, bool)':
../src/ImageSDCard.cpp:62:24: error: 'void*' is not a pointer-to-object type
         imgFileSize = *buffer;
                        ^~~~~~
make: *** [src/ImageSDCard.o] Error 1
09:05:50 **** Auto Build of configuration Debug for project harrisProjectErrr ****
make pre-build main-build 
a9-linaro-pre-build-step
' '
'Building file: ../src/ImageSDCard.cpp'
'Invoking: ARM v7 g++ compiler'
arm-none-eabi-g++ -Wall -O0 -g3 -c -fmessage-length=0 -MT"src/ImageSDCard.o" -mcpu=cortex-a9 -mfpu=vfpv3 -mfloat-abi=hard -I../../harrisProject_bsp/ps7_cortexa9_0/include -MMD -MP -MF"src/ImageSDCard.d" -MT"src/ImageSDCard.o" -o "src/ImageSDCard.o" "../src/ImageSDCard.cpp"
../src/ImageSDCard.cpp: In member function 'int ImageSDCard::read(void*, int, bool)':
../src/ImageSDCard.cpp:62:23: error: invalid conversion from 'void*' to 'unsigned int' [-fpermissive]
         imgFileSize = buffer;
                       ^~~~~~
make: *** [src/ImageSDCard.o] Error 1
09:06:12 **** Auto Build of configuration Debug for project harrisProjectErrr ****
make pre-build main-build 
a9-linaro-pre-build-step
' '
'Building file: ../src/ImageSDCard.cpp'
'Invoking: ARM v7 g++ compiler'
arm-none-eabi-g++ -Wall -O0 -g3 -c -fmessage-length=0 -MT"src/ImageSDCard.o" -mcpu=cortex-a9 -mfpu=vfpv3 -mfloat-abi=hard -I../../harrisProject_bsp/ps7_cortexa9_0/include -MMD -MP -MF"src/ImageSDCard.d" -MT"src/ImageSDCard.o" -o "src/ImageSDCard.o" "../src/ImageSDCard.cpp"
'Finished building: ../src/ImageSDCard.cpp'
' '
'Building file: ../src/TestFileSDCard.cpp'
'Invoking: ARM v7 g++ compiler'
arm-none-eabi-g++ -Wall -O0 -g3 -c -fmessage-length=0 -MT"src/TestFileSDCard.o" -mcpu=cortex-a9 -mfpu=vfpv3 -mfloat-abi=hard -I../../harrisProject_bsp/ps7_cortexa9_0/include -MMD -MP -MF"src/TestFileSDCard.d" -MT"src/TestFileSDCard.o" -o "src/TestFileSDCard.o" "../src/TestFileSDCard.cpp"
'Finished building: ../src/TestFileSDCard.cpp'
' '
'Building file: ../src/TestReadImg.cpp'
'Invoking: ARM v7 g++ compiler'
arm-none-eabi-g++ -Wall -O0 -g3 -c -fmessage-length=0 -MT"src/TestReadImg.o" -mcpu=cortex-a9 -mfpu=vfpv3 -mfloat-abi=hard -I../../harrisProject_bsp/ps7_cortexa9_0/include -MMD -MP -MF"src/TestReadImg.d" -MT"src/TestReadImg.o" -o "src/TestReadImg.o" "../src/TestReadImg.cpp"
../src/TestReadImg.cpp: In function 'void TestReadImg()':
../src/TestReadImg.cpp:39:39: error: 'file' was not declared in this scope
   printf("Img File Size: %d bytes\n", file.imgFileSize);
                                       ^~~~
make: *** [src/TestReadImg.o] Error 1
09:06:37 **** Auto Build of configuration Debug for project harrisProjectErrr ****
make pre-build main-build 
a9-linaro-pre-build-step
' '
'Building file: ../src/ImageSDCard.cpp'
'Invoking: ARM v7 g++ compiler'
arm-none-eabi-g++ -Wall -O0 -g3 -c -fmessage-length=0 -MT"src/ImageSDCard.o" -mcpu=cortex-a9 -mfpu=vfpv3 -mfloat-abi=hard -I../../harrisProject_bsp/ps7_cortexa9_0/include -MMD -MP -MF"src/ImageSDCard.d" -MT"src/ImageSDCard.o" -o "src/ImageSDCard.o" "../src/ImageSDCard.cpp"
../src/ImageSDCard.cpp: In member function 'int ImageSDCard::read(void*, int, bool)':
../src/ImageSDCard.cpp:62:52: warning: pointer of type 'void *' used in arithmetic [-Wpointer-arith]
         imgFileSize = (unsigned int)buffer[IMG_SIZE];
                                                    ^
../src/ImageSDCard.cpp:62:52: error: 'void*' is not a pointer-to-object type
make: *** [src/ImageSDCard.o] Error 1
09:06:53 **** Auto Build of configuration Debug for project harrisProjectErrr ****
make pre-build main-build 
a9-linaro-pre-build-step
' '
'Building file: ../src/ImageSDCard.cpp'
'Invoking: ARM v7 g++ compiler'
arm-none-eabi-g++ -Wall -O0 -g3 -c -fmessage-length=0 -MT"src/ImageSDCard.o" -mcpu=cortex-a9 -mfpu=vfpv3 -mfloat-abi=hard -I../../harrisProject_bsp/ps7_cortexa9_0/include -MMD -MP -MF"src/ImageSDCard.d" -MT"src/ImageSDCard.o" -o "src/ImageSDCard.o" "../src/ImageSDCard.cpp"
'Finished building: ../src/ImageSDCard.cpp'
' '
'Building file: ../src/TestReadImg.cpp'
'Invoking: ARM v7 g++ compiler'
arm-none-eabi-g++ -Wall -O0 -g3 -c -fmessage-length=0 -MT"src/TestReadImg.o" -mcpu=cortex-a9 -mfpu=vfpv3 -mfloat-abi=hard -I../../harrisProject_bsp/ps7_cortexa9_0/include -MMD -MP -MF"src/TestReadImg.d" -MT"src/TestReadImg.o" -o "src/TestReadImg.o" "../src/TestReadImg.cpp"
../src/TestReadImg.cpp: In function 'void TestReadImg()':
../src/TestReadImg.cpp:39:39: error: 'file' was not declared in this scope
   printf("Img File Size: %d bytes\n", file.imgFileSize);
                                       ^~~~
make: *** [src/TestReadImg.o] Error 1
09:07:00 **** Auto Build of configuration Debug for project harrisProjectErrr ****
make pre-build main-build 
a9-linaro-pre-build-step
' '
'Building file: ../src/ImageSDCard.cpp'
'Invoking: ARM v7 g++ compiler'
arm-none-eabi-g++ -Wall -O0 -g3 -c -fmessage-length=0 -MT"src/ImageSDCard.o" -mcpu=cortex-a9 -mfpu=vfpv3 -mfloat-abi=hard -I../../harrisProject_bsp/ps7_cortexa9_0/include -MMD -MP -MF"src/ImageSDCard.d" -MT"src/ImageSDCard.o" -o "src/ImageSDCard.o" "../src/ImageSDCard.cpp"
../src/ImageSDCard.cpp: In member function 'int ImageSDCard::read(void*, int, bool)':
../src/ImageSDCard.cpp:62:52: warning: pointer of type 'void *' used in arithmetic [-Wpointer-arith]
         imgFileSize = (unsigned int)buffer[IMG_SIZE];
                                                    ^
../src/ImageSDCard.cpp:62:52: error: 'void*' is not a pointer-to-object type
make: *** [src/ImageSDCard.o] Error 1
09:07:23 **** Auto Build of configuration Debug for project harrisProjectErrr ****
make pre-build main-build 
a9-linaro-pre-build-step
' '
'Building file: ../src/ImageSDCard.cpp'
'Invoking: ARM v7 g++ compiler'
arm-none-eabi-g++ -Wall -O0 -g3 -c -fmessage-length=0 -MT"src/ImageSDCard.o" -mcpu=cortex-a9 -mfpu=vfpv3 -mfloat-abi=hard -I../../harrisProject_bsp/ps7_cortexa9_0/include -MMD -MP -MF"src/ImageSDCard.d" -MT"src/ImageSDCard.o" -o "src/ImageSDCard.o" "../src/ImageSDCard.cpp"
'Finished building: ../src/ImageSDCard.cpp'
' '
'Building file: ../src/TestReadImg.cpp'
'Invoking: ARM v7 g++ compiler'
arm-none-eabi-g++ -Wall -O0 -g3 -c -fmessage-length=0 -MT"src/TestReadImg.o" -mcpu=cortex-a9 -mfpu=vfpv3 -mfloat-abi=hard -I../../harrisProject_bsp/ps7_cortexa9_0/include -MMD -MP -MF"src/TestReadImg.d" -MT"src/TestReadImg.o" -o "src/TestReadImg.o" "../src/TestReadImg.cpp"
../src/TestReadImg.cpp: In function 'void TestReadImg()':
../src/TestReadImg.cpp:39:39: error: 'file' was not declared in this scope
   printf("Img File Size: %d bytes\n", file.imgFileSize);
                                       ^~~~
make: *** [src/TestReadImg.o] Error 1
09:22:35 **** Auto Build of configuration Debug for project harrisProjectErrr ****
make pre-build main-build 
a9-linaro-pre-build-step
' '
'Building file: ../src/ImageSDCard.cpp'
'Invoking: ARM v7 g++ compiler'
arm-none-eabi-g++ -Wall -O0 -g3 -c -fmessage-length=0 -MT"src/ImageSDCard.o" -mcpu=cortex-a9 -mfpu=vfpv3 -mfloat-abi=hard -I../../harrisProject_bsp/ps7_cortexa9_0/include -MMD -MP -MF"src/ImageSDCard.d" -MT"src/ImageSDCard.o" -o "src/ImageSDCard.o" "../src/ImageSDCard.cpp"
In file included from ../src/ImageSDCard.cpp:7:0:
../src/ImageSDCard.h: In constructor 'ImageSDCard::ImageSDCard(char*)':
../src/ImageSDCard.h:26:2: error: no matching function for call to 'FileSDCard::FileSDCard()'
  {
  ^
In file included from ../src/ImageSDCard.h:12:0,
                 from ../src/ImageSDCard.cpp:7:
../src/FileSDCard.h:18:2: note: candidate: FileSDCard::FileSDCard(char*)
  FileSDCard(char* path)
  ^~~~~~~~~~
../src/FileSDCard.h:18:2: note:   candidate expects 1 argument, 0 provided
../src/FileSDCard.h:14:7: note: candidate: constexpr FileSDCard::FileSDCard(const FileSDCard&)
 class FileSDCard
       ^~~~~~~~~~
../src/FileSDCard.h:14:7: note:   candidate expects 1 argument, 0 provided
../src/FileSDCard.h:14:7: note: candidate: constexpr FileSDCard::FileSDCard(FileSDCard&&)
../src/FileSDCard.h:14:7: note:   candidate expects 1 argument, 0 provided
In file included from ../src/ImageSDCard.cpp:7:0:
../src/ImageSDCard.h:29:28: error: no match for call to '(FileSDCard) (char*)'
         image((char *)"0:/");
                            ^
../src/ImageSDCard.cpp: At global scope:
../src/ImageSDCard.cpp:9:14: warning: 'm_fatfs' defined but not used [-Wunused-variable]
 static FATFS m_fatfs;
              ^~~~~~~
make: *** [src/ImageSDCard.o] Error 1
09:25:46 **** Auto Build of configuration Debug for project harrisProjectErrr ****
make pre-build main-build 
a9-linaro-pre-build-step
' '
'Building file: ../src/ImageSDCard.cpp'
'Invoking: ARM v7 g++ compiler'
arm-none-eabi-g++ -Wall -O0 -g3 -c -fmessage-length=0 -MT"src/ImageSDCard.o" -mcpu=cortex-a9 -mfpu=vfpv3 -mfloat-abi=hard -I../../harrisProject_bsp/ps7_cortexa9_0/include -MMD -MP -MF"src/ImageSDCard.d" -MT"src/ImageSDCard.o" -o "src/ImageSDCard.o" "../src/ImageSDCard.cpp"
In file included from ../src/ImageSDCard.cpp:7:0:
../src/ImageSDCard.h: In constructor 'ImageSDCard::ImageSDCard(char*)':
../src/ImageSDCard.h:26:2: error: no matching function for call to 'FileSDCard::FileSDCard()'
  {
  ^
In file included from ../src/ImageSDCard.h:12:0,
                 from ../src/ImageSDCard.cpp:7:
../src/FileSDCard.h:18:2: note: candidate: FileSDCard::FileSDCard(char*)
  FileSDCard(char* path)
  ^~~~~~~~~~
../src/FileSDCard.h:18:2: note:   candidate expects 1 argument, 0 provided
../src/FileSDCard.h:14:7: note: candidate: constexpr FileSDCard::FileSDCard(const FileSDCard&)
 class FileSDCard
       ^~~~~~~~~~
../src/FileSDCard.h:14:7: note:   candidate expects 1 argument, 0 provided
../src/FileSDCard.h:14:7: note: candidate: constexpr FileSDCard::FileSDCard(FileSDCard&&)
../src/FileSDCard.h:14:7: note:   candidate expects 1 argument, 0 provided
In file included from ../src/ImageSDCard.cpp:7:0:
../src/ImageSDCard.h:29:28: error: no match for call to '(FileSDCard) (char*)'
         image((char *)"0:/");
                            ^
make: *** [src/ImageSDCard.o] Error 1
09:27:29 **** Auto Build of configuration Debug for project harrisProjectErrr ****
make pre-build main-build 
a9-linaro-pre-build-step
' '
'Building file: ../src/ImageSDCard.cpp'
'Invoking: ARM v7 g++ compiler'
arm-none-eabi-g++ -Wall -O0 -g3 -c -fmessage-length=0 -MT"src/ImageSDCard.o" -mcpu=cortex-a9 -mfpu=vfpv3 -mfloat-abi=hard -I../../harrisProject_bsp/ps7_cortexa9_0/include -MMD -MP -MF"src/ImageSDCard.d" -MT"src/ImageSDCard.o" -o "src/ImageSDCard.o" "../src/ImageSDCard.cpp"
In file included from ../src/ImageSDCard.cpp:7:0:
../src/ImageSDCard.h: In constructor 'ImageSDCard::ImageSDCard(char*)':
../src/ImageSDCard.h:26:2: error: no matching function for call to 'FileSDCard::FileSDCard()'
  {
  ^
In file included from ../src/ImageSDCard.h:12:0,
                 from ../src/ImageSDCard.cpp:7:
../src/FileSDCard.h:18:2: note: candidate: FileSDCard::FileSDCard(char*)
  FileSDCard(char* path)
  ^~~~~~~~~~
../src/FileSDCard.h:18:2: note:   candidate expects 1 argument, 0 provided
../src/FileSDCard.h:14:7: note: candidate: constexpr FileSDCard::FileSDCard(const FileSDCard&)
 class FileSDCard
       ^~~~~~~~~~
../src/FileSDCard.h:14:7: note:   candidate expects 1 argument, 0 provided
../src/FileSDCard.h:14:7: note: candidate: constexpr FileSDCard::FileSDCard(FileSDCard&&)
../src/FileSDCard.h:14:7: note:   candidate expects 1 argument, 0 provided
In file included from ../src/ImageSDCard.cpp:7:0:
../src/ImageSDCard.h:29:27: error: no match for call to '(FileSDCard) (char*)'
         image((char*)"0:/");
                           ^
make: *** [src/ImageSDCard.o] Error 1
09:27:55 **** Auto Build of configuration Debug for project harrisProjectErrr ****
make pre-build main-build 
a9-linaro-pre-build-step
' '
'Building file: ../src/ImageSDCard.cpp'
'Invoking: ARM v7 g++ compiler'
arm-none-eabi-g++ -Wall -O0 -g3 -c -fmessage-length=0 -MT"src/ImageSDCard.o" -mcpu=cortex-a9 -mfpu=vfpv3 -mfloat-abi=hard -I../../harrisProject_bsp/ps7_cortexa9_0/include -MMD -MP -MF"src/ImageSDCard.d" -MT"src/ImageSDCard.o" -o "src/ImageSDCard.o" "../src/ImageSDCard.cpp"
In file included from ../src/ImageSDCard.cpp:7:0:
../src/ImageSDCard.h:52:22: error: expected identifier before '(' token
     FileSDCard image((char*)"0:/");
                      ^
../src/ImageSDCard.h:52:29: error: expected ',' or '...' before string constant
     FileSDCard image((char*)"0:/");
                             ^~~~~
../src/ImageSDCard.cpp: In member function 'int ImageSDCard::mount(bool)':
../src/ImageSDCard.cpp:12:9: error: '((ImageSDCard*)this)->ImageSDCard::image' does not have class type
  return image.mount(remount);
         ^~~~~
../src/ImageSDCard.cpp: In member function 'int ImageSDCard::open(char*, BYTE)':
../src/ImageSDCard.cpp:17:9: error: '((ImageSDCard*)this)->ImageSDCard::image' does not have class type
  return image.open(name, mode);
         ^~~~~
../src/ImageSDCard.cpp: In member function 'int ImageSDCard::read(void*, int, bool)':
[...]
make pre-build main-build 
a9-linaro-pre-build-step
' '
'Building file: ../src/main.cpp'
'Invoking: ARM v7 g++ compiler'
arm-none-eabi-g++ -Wall -O0 -g3 -c -fmessage-length=0 -MT"src/main.o" -mcpu=cortex-a9 -mfpu=vfpv3 -mfloat-abi=hard -I../../harrisProject_bsp/ps7_cortexa9_0/include -MMD -MP -MF"src/main.d" -MT"src/main.o" -o "src/main.o" "../src/main.cpp"
'Finished building: ../src/main.cpp'
' '
'Building target: harrisProject.elf'
'Invoking: ARM v7 g++ linker'
arm-none-eabi-g++ -mcpu=cortex-a9 -mfpu=vfpv3 -mfloat-abi=hard -Wl,-build-id=none -specs=Xilinx.spec -Wl,-T -Wl,../src/lscript.ld -L../../harrisProject_bsp/ps7_cortexa9_0/lib -o "harrisProject.elf"  ./src/FileSDCard.o ./src/Matrices.o ./src/Sobel.o ./src/TestReadImg.o ./src/main.o   -Wl,--start-group,-lxil,-lgcc,-lc,-lstdc++,--end-group -Wl,--start-group,-lxilffs,-lxil,-lgcc,-lc,--end-group
'Finished building target: harrisProject.elf'
' '
'Invoking: ARM v7 Print Size'
arm-none-eabi-size harrisProject.elf  |tee "harrisProject.elf.size"
   text	   data	    bss	    dec	    hex	filename
 115364	   2628	  25440	 143432	  23048	harrisProject.elf
'Finished building: harrisProject.elf.size'
' '
14:06:49 **** Incremental Build of configuration Debug for project harrisProject ****
make pre-build main-build 
a9-linaro-pre-build-step
' '
make: No se hace nada para `main-build'.
10:07:26 **** Clean-only build of configuration Debug for project harrisProject ****
make clean 
rm -rf  ./src/FileSDCard.o ./src/Matrices.o ./src/Sobel.o ./src/TestReadImg.o ./src/main.o  ./src/FileSDCard.d ./src/Matrices.d ./src/Sobel.d ./src/TestReadImg.d ./src/main.d  harrisProject.elf.size  harrisProject.elf
' '
10:07:27 **** Auto Build of configuration Debug for project harrisProject ****
make pre-build main-build 
a9-linaro-pre-build-step
' '
'Building file: ../src/FileSDCard.cpp'
'Invoking: ARM v7 g++ compiler'
arm-none-eabi-g++ -Wall -O0 -g3 -c -fmessage-length=0 -MT"src/FileSDCard.o" -mcpu=cortex-a9 -mfpu=vfpv3 -mfloat-abi=hard -I../../harrisProject_bsp/ps7_cortexa9_0/include -MMD -MP -MF"src/FileSDCard.d" -MT"src/FileSDCard.o" -o "src/FileSDCard.o" "../src/FileSDCard.cpp"
'Finished building: ../src/FileSDCard.cpp'
' '
'Building file: ../src/Matrices.cpp'
'Invoking: ARM v7 g++ compiler'
arm-none-eabi-g++ -Wall -O0 -g3 -c -fmessage-length=0 -MT"src/Matrices.o" -mcpu=cortex-a9 -mfpu=vfpv3 -mfloat-abi=hard -I../../harrisProject_bsp/ps7_cortexa9_0/include -MMD -MP -MF"src/Matrices.d" -MT"src/Matrices.o" -o "src/Matrices.o" "../src/Matrices.cpp"
'Finished building: ../src/Matrices.cpp'
' '
'Building file: ../src/Sobel.cpp'
'Invoking: ARM v7 g++ compiler'
arm-none-eabi-g++ -Wall -O0 -g3 -c -fmessage-length=0 -MT"src/Sobel.o" -mcpu=cortex-a9 -mfpu=vfpv3 -mfloat-abi=hard -I../../harrisProject_bsp/ps7_cortexa9_0/include -MMD -MP -MF"src/Sobel.d" -MT"src/Sobel.o" -o "src/Sobel.o" "../src/Sobel.cpp"
'Finished building: ../src/Sobel.cpp'
' '
'Building file: ../src/TestReadImg.cpp'
'Invoking: ARM v7 g++ compiler'
arm-none-eabi-g++ -Wall -O0 -g3 -c -fmessage-length=0 -MT"src/TestReadImg.o" -mcpu=cortex-a9 -mfpu=vfpv3 -mfloat-abi=hard -I../../harrisProject_bsp/ps7_cortexa9_0/include -MMD -MP -MF"src/TestReadImg.d" -MT"src/TestReadImg.o" -o "src/TestReadImg.o" "../src/TestReadImg.cpp"
'Finished building: ../src/TestReadImg.cpp'
' '
'Building file: ../src/main.cpp'
'Invoking: ARM v7 g++ compiler'
arm-none-eabi-g++ -Wall -O0 -g3 -c -fmessage-length=0 -MT"src/main.o" -mcpu=cortex-a9 -mfpu=vfpv3 -mfloat-abi=hard -I../../harrisProject_bsp/ps7_cortexa9_0/include -MMD -MP -MF"src/main.d" -MT"src/main.o" -o "src/main.o" "../src/main.cpp"
'Finished building: ../src/main.cpp'
' '
'Building target: harrisProject.elf'
'Invoking: ARM v7 g++ linker'
arm-none-eabi-g++ -mcpu=cortex-a9 -mfpu=vfpv3 -mfloat-abi=hard -Wl,-build-id=none -specs=Xilinx.spec -Wl,-T -Wl,../src/lscript.ld -L../../harrisProject_bsp/ps7_cortexa9_0/lib -o "harrisProject.elf"  ./src/FileSDCard.o ./src/Matrices.o ./src/Sobel.o ./src/TestReadImg.o ./src/main.o   -Wl,--start-group,-lxil,-lgcc,-lc,-lstdc++,--end-group -Wl,--start-group,-lxilffs,-lxil,-lgcc,-lc,--end-group
'Finished building target: harrisProject.elf'
' '
'Invoking: ARM v7 Print Size'
arm-none-eabi-size harrisProject.elf  |tee "harrisProject.elf.size"
   text	   data	    bss	    dec	    hex	filename
 848523	   2880	4111808	4963211	 4bbb8b	harrisProject.elf
'Finished building: harrisProject.elf.size'
' '
10:07:35 **** Incremental Build of configuration Debug for project harrisProject ****
make pre-build main-build 
a9-linaro-pre-build-step
' '
make: No se hace nada para `main-build'.
11:11:28 **** Auto Build of configuration Debug for project harrisProject ****
make pre-build main-build 
a9-linaro-pre-build-step
' '
'Building file: ../src/main.cpp'
'Invoking: ARM v7 g++ compiler'
arm-none-eabi-g++ -Wall -O0 -g3 -c -fmessage-length=0 -MT"src/main.o" -mcpu=cortex-a9 -mfpu=vfpv3 -mfloat-abi=hard -I../../harrisProject_bsp/ps7_cortexa9_0/include -MMD -MP -MF"src/main.d" -MT"src/main.o" -o "src/main.o" "../src/main.cpp"
../src/main.cpp: In function 'int main()':
../src/main.cpp:344:82: error: 'count' was not declared in this scope
  printf("\n\nThresholded Harris Response: %d corners\r\n", MSIZE100 * MSIZE100 - count);
                                                                                  ^~~~~
../src/main.cpp:344:82: note: suggested alternative:
In file included from c:\xilinx\sdk\2017.2\gnu\aarch32\nt\gcc-arm-none-eabi\arm-none-eabi\include\c++\6.2.1\algorithm:62:0,
                 from ../src/main.cpp:12:
c:\xilinx\sdk\2017.2\gnu\aarch32\nt\gcc-arm-none-eabi\arm-none-eabi\include\c++\6.2.1\bits\stl_algo.h:3961:5: note:   'std::count'
     count(_InputIterator __first, _InputIterator __last, const _Tp& __value)
     ^~~~~
../src/main.cpp:17:8: warning: unused variable 'k_threhold' [-Wunused-variable]
  float k_threhold = 0.01;
        ^~~~~~~~~~
make: *** [src/main.o] Error 1
11:11:47 **** Auto Build of configuration Debug for project harrisProject ****
make pre-build main-build 
a9-linaro-pre-build-step
' '
'Building file: ../src/main.cpp'
'Invoking: ARM v7 g++ compiler'
arm-none-eabi-g++ -Wall -O0 -g3 -c -fmessage-length=0 -MT"src/main.o" -mcpu=cortex-a9 -mfpu=vfpv3 -mfloat-abi=hard -I../../harrisProject_bsp/ps7_cortexa9_0/include -MMD -MP -MF"src/main.d" -MT"src/main.o" -o "src/main.o" "../src/main.cpp"
../src/main.cpp: In function 'int main()':
../src/main.cpp:17:8: warning: unused variable 'k_threhold' [-Wunused-variable]
  float k_threhold = 0.01;
        ^~~~~~~~~~
'Finished building: ../src/main.cpp'
' '
'Building target: harrisProject.elf'
'Invoking: ARM v7 g++ linker'
arm-none-eabi-g++ -mcpu=cortex-a9 -mfpu=vfpv3 -mfloat-abi=hard -Wl,-build-id=none -specs=Xilinx.spec -Wl,-T -Wl,../src/lscript.ld -L../../harrisProject_bsp/ps7_cortexa9_0/lib -o "harrisProject.elf"  ./src/FileSDCard.o ./src/Matrices.o ./src/Sobel.o ./src/TestReadImg.o ./src/main.o   -Wl,--start-group,-lxil,-lgcc,-lc,-lstdc++,--end-group -Wl,--start-group,-lxilffs,-lxil,-lgcc,-lc,--end-group
'Finished building target: harrisProject.elf'
' '
'Invoking: ARM v7 Print Size'
arm-none-eabi-size harrisProject.elf  |tee "harrisProject.elf.size"
   text	   data	    bss	    dec	    hex	filename
 847931	   2880	4111808	4962619	 4bb93b	harrisProject.elf
'Finished building: harrisProject.elf.size'
' '
11:11:56 **** Incremental Build of configuration Debug for project harrisProject ****
make pre-build main-build 
a9-linaro-pre-build-step
' '
make: No se hace nada para `main-build'.
11:12:27 **** Auto Build of configuration Debug for project harrisProject ****
make pre-build main-build 
a9-linaro-pre-build-step
' '
'Building file: ../src/main.cpp'
'Invoking: ARM v7 g++ compiler'
arm-none-eabi-g++ -Wall -O0 -g3 -c -fmessage-length=0 -MT"src/main.o" -mcpu=cortex-a9 -mfpu=vfpv3 -mfloat-abi=hard -I../../harrisProject_bsp/ps7_cortexa9_0/include -MMD -MP -MF"src/main.d" -MT"src/main.o" -o "src/main.o" "../src/main.cpp"
../src/main.cpp: In function 'int main()':
../src/main.cpp:17:8: warning: unused variable 'k_threhold' [-Wunused-variable]
  float k_threhold = 0.01;
        ^~~~~~~~~~
'Finished building: ../src/main.cpp'
' '
'Building target: harrisProject.elf'
'Invoking: ARM v7 g++ linker'
arm-none-eabi-g++ -mcpu=cortex-a9 -mfpu=vfpv3 -mfloat-abi=hard -Wl,-build-id=none -specs=Xilinx.spec -Wl,-T -Wl,../src/lscript.ld -L../../harrisProject_bsp/ps7_cortexa9_0/lib -o "harrisProject.elf"  ./src/FileSDCard.o ./src/Matrices.o ./src/Sobel.o ./src/TestReadImg.o ./src/main.o   -Wl,--start-group,-lxil,-lgcc,-lc,-lstdc++,--end-group -Wl,--start-group,-lxilffs,-lxil,-lgcc,-lc,--end-group
'Finished building target: harrisProject.elf'
' '
'Invoking: ARM v7 Print Size'
arm-none-eabi-size harrisProject.elf  |tee "harrisProject.elf.size"
   text	   data	    bss	    dec	    hex	filename
 847939	   2880	4111808	4962627	 4bb943	harrisProject.elf
'Finished building: harrisProject.elf.size'
' '
11:12:32 **** Incremental Build of configuration Debug for project harrisProject ****
make pre-build main-build 
a9-linaro-pre-build-step
' '
make: No se hace nada para `main-build'.
11:12:51 **** Incremental Build of configuration Debug for project harrisProject ****
make pre-build main-build 
a9-linaro-pre-build-step
' '
make: No se hace nada para `main-build'.
11:13:34 **** Incremental Build of configuration Debug for project harrisProject ****
make pre-build main-build 
a9-linaro-pre-build-step
' '
'Building file: ../src/main.cpp'
'Invoking: ARM v7 g++ compiler'
arm-none-eabi-g++ -Wall -O0 -g3 -c -fmessage-length=0 -MT"src/main.o" -mcpu=cortex-a9 -mfpu=vfpv3 -mfloat-abi=hard -I../../harrisProject_bsp/ps7_cortexa9_0/include -MMD -MP -MF"src/main.d" -MT"src/main.o" -o "src/main.o" "../src/main.cpp"
../src/main.cpp: In function 'int main()':
../src/main.cpp:17:8: warning: unused variable 'k_threhold' [-Wunused-variable]
  float k_threhold = 0.01;
        ^~~~~~~~~~
'Finished building: ../src/main.cpp'
' '
'Building target: harrisProject.elf'
'Invoking: ARM v7 g++ linker'
arm-none-eabi-g++ -mcpu=cortex-a9 -mfpu=vfpv3 -mfloat-abi=hard -Wl,-build-id=none -specs=Xilinx.spec -Wl,-T -Wl,../src/lscript.ld -L../../harrisProject_bsp/ps7_cortexa9_0/lib -o "harrisProject.elf"  ./src/FileSDCard.o ./src/Matrices.o ./src/Sobel.o ./src/TestReadImg.o ./src/main.o   -Wl,--start-group,-lxil,-lgcc,-lc,-lstdc++,--end-group -Wl,--start-group,-lxilffs,-lxil,-lgcc,-lc,--end-group
'Finished building target: harrisProject.elf'
' '
'Invoking: ARM v7 Print Size'
arm-none-eabi-size harrisProject.elf  |tee "harrisProject.elf.size"
   text	   data	    bss	    dec	    hex	filename
 847931	   2880	4111808	4962619	 4bb93b	harrisProject.elf
'Finished building: harrisProject.elf.size'
' '
11:13:47 **** Incremental Build of configuration Debug for project harrisProject ****
make pre-build main-build 
a9-linaro-pre-build-step
' '
make: No se hace nada para `main-build'.
11:22:21 **** Auto Build of configuration Debug for project harrisProject ****
make pre-build main-build 
a9-linaro-pre-build-step
' '
'Building file: ../src/main.cpp'
'Invoking: ARM v7 g++ compiler'
arm-none-eabi-g++ -Wall -O0 -g3 -c -fmessage-length=0 -MT"src/main.o" -mcpu=cortex-a9 -mfpu=vfpv3 -mfloat-abi=hard -I../../harrisProject_bsp/ps7_cortexa9_0/include -MMD -MP -MF"src/main.d" -MT"src/main.o" -o "src/main.o" "../src/main.cpp"
'Finished building: ../src/main.cpp'
' '
'Building target: harrisProject.elf'
'Invoking: ARM v7 g++ linker'
arm-none-eabi-g++ -mcpu=cortex-a9 -mfpu=vfpv3 -mfloat-abi=hard -Wl,-build-id=none -specs=Xilinx.spec -Wl,-T -Wl,../src/lscript.ld -L../../harrisProject_bsp/ps7_cortexa9_0/lib -o "harrisProject.elf"  ./src/FileSDCard.o ./src/Matrices.o ./src/Sobel.o ./src/TestReadImg.o ./src/main.o   -Wl,--start-group,-lxil,-lgcc,-lc,-lstdc++,--end-group -Wl,--start-group,-lxilffs,-lxil,-lgcc,-lc,--end-group
'Finished building target: harrisProject.elf'
' '
'Invoking: ARM v7 Print Size'
arm-none-eabi-size harrisProject.elf  |tee "harrisProject.elf.size"
   text	   data	    bss	    dec	    hex	filename
 848523	   2880	4111808	4963211	 4bbb8b	harrisProject.elf
'Finished building: harrisProject.elf.size'
' '
11:22:42 **** Incremental Build of configuration Debug for project harrisProject ****
make pre-build main-build 
a9-linaro-pre-build-step
' '
make: No se hace nada para `main-build'.
11:23:04 **** Incremental Build of configuration Debug for project harrisProject ****
make pre-build main-build 
a9-linaro-pre-build-step
' '
make: No se hace nada para `main-build'.
11:28:02 **** Auto Build of configuration Debug for project harrisProject ****
make pre-build main-build 
a9-linaro-pre-build-step
' '
'Building file: ../src/main.cpp'
'Invoking: ARM v7 g++ compiler'
arm-none-eabi-g++ -Wall -O0 -g3 -c -fmessage-length=0 -MT"src/main.o" -mcpu=cortex-a9 -mfpu=vfpv3 -mfloat-abi=hard -I../../harrisProject_bsp/ps7_cortexa9_0/include -MMD -MP -MF"src/main.d" -MT"src/main.o" -o "src/main.o" "../src/main.cpp"
../src/main.cpp: In function 'int main()':
../src/main.cpp:347:23: error: cannot convert 'double*' to 'char*' for argument '1' to 'void WriteData(char*, double*, int)'
  WriteData(r, MSIZE100);
                       ^
make: *** [src/main.o] Error 1
11:29:02 **** Auto Build of configuration Debug for project harrisProject ****
make pre-build main-build 
a9-linaro-pre-build-step
' '
'Building file: ../src/main.cpp'
'Invoking: ARM v7 g++ compiler'
arm-none-eabi-g++ -Wall -O0 -g3 -c -fmessage-length=0 -MT"src/main.o" -mcpu=cortex-a9 -mfpu=vfpv3 -mfloat-abi=hard -I../../harrisProject_bsp/ps7_cortexa9_0/include -MMD -MP -MF"src/main.d" -MT"src/main.o" -o "src/main.o" "../src/main.cpp"
../src/main.cpp: In function 'int main()':
../src/main.cpp:347:20: error: 'resultName' was not declared in this scope
  WriteData((char *)resultName, r, MSIZE100);
                    ^~~~~~~~~~
make: *** [src/main.o] Error 1
11:29:36 **** Auto Build of configuration Debug for project harrisProject ****
make pre-build main-build 
a9-linaro-pre-build-step
' '
'Building file: ../src/main.cpp'
'Invoking: ARM v7 g++ compiler'
arm-none-eabi-g++ -Wall -O0 -g3 -c -fmessage-length=0 -MT"src/main.o" -mcpu=cortex-a9 -mfpu=vfpv3 -mfloat-abi=hard -I../../harrisProject_bsp/ps7_cortexa9_0/include -MMD -MP -MF"src/main.d" -MT"src/main.o" -o "src/main.o" "../src/main.cpp"
../src/main.cpp: In function 'int main()':
../src/main.cpp:19:2: error: expected ',' or ';' before 'int'
  int *p;       // properties of the IMG
  ^~~
../src/main.cpp:30:2: error: 'p' was not declared in this scope
  p = ReadImgProperties((char *)"check.bmp");
  ^
../src/main.cpp:348:20: error: invalid cast from type 'std::__cxx11::string {aka std::__cxx11::basic_string<char>}' to type 'char*'
  WriteData((char *)resultName, r, MSIZE100);
                    ^~~~~~~~~~
make: *** [src/main.o] Error 1
11:29:48 **** Auto Build of configuration Debug for project harrisProject ****
make pre-build main-build 
a9-linaro-pre-build-step
' '
'Building file: ../src/main.cpp'
'Invoking: ARM v7 g++ compiler'
arm-none-eabi-g++ -Wall -O0 -g3 -c -fmessage-length=0 -MT"src/main.o" -mcpu=cortex-a9 -mfpu=vfpv3 -mfloat-abi=hard -I../../harrisProject_bsp/ps7_cortexa9_0/include -MMD -MP -MF"src/main.d" -MT"src/main.o" -o "src/main.o" "../src/main.cpp"
../src/main.cpp: In function 'int main()':
../src/main.cpp:348:20: error: invalid cast from type 'std::__cxx11::string {aka std::__cxx11::basic_string<char>}' to type 'char*'
  WriteData((char *)resultName, r, MSIZE100);
                    ^~~~~~~~~~
make: *** [src/main.o] Error 1
11:30:41 **** Auto Build of configuration Debug for project harrisProject ****
make pre-build main-build 
a9-linaro-pre-build-step
' '
'Building file: ../src/main.cpp'
'Invoking: ARM v7 g++ compiler'
arm-none-eabi-g++ -Wall -O0 -g3 -c -fmessage-length=0 -MT"src/main.o" -mcpu=cortex-a9 -mfpu=vfpv3 -mfloat-abi=hard -I../../harrisProject_bsp/ps7_cortexa9_0/include -MMD -MP -MF"src/main.d" -MT"src/main.o" -o "src/main.o" "../src/main.cpp"
'Finished building: ../src/main.cpp'
' '
'Building target: harrisProject.elf'
'Invoking: ARM v7 g++ linker'
arm-none-eabi-g++ -mcpu=cortex-a9 -mfpu=vfpv3 -mfloat-abi=hard -Wl,-build-id=none -specs=Xilinx.spec -Wl,-T -Wl,../src/lscript.ld -L../../harrisProject_bsp/ps7_cortexa9_0/lib -o "harrisProject.elf"  ./src/FileSDCard.o ./src/Matrices.o ./src/Sobel.o ./src/TestReadImg.o ./src/main.o   -Wl,--start-group,-lxil,-lgcc,-lc,-lstdc++,--end-group -Wl,--start-group,-lxilffs,-lxil,-lgcc,-lc,--end-group
'Finished building target: harrisProject.elf'
' '
'Invoking: ARM v7 Print Size'
arm-none-eabi-size harrisProject.elf  |tee "harrisProject.elf.size"
   text	   data	    bss	    dec	    hex	filename
 848523	   2880	4111808	4963211	 4bbb8b	harrisProject.elf
'Finished building: harrisProject.elf.size'
' '
11:31:01 **** Auto Build of configuration Debug for project harrisProject ****
make pre-build main-build 
a9-linaro-pre-build-step
' '
'Building file: ../src/main.cpp'
'Invoking: ARM v7 g++ compiler'
arm-none-eabi-g++ -Wall -O0 -g3 -c -fmessage-length=0 -MT"src/main.o" -mcpu=cortex-a9 -mfpu=vfpv3 -mfloat-abi=hard -I../../harrisProject_bsp/ps7_cortexa9_0/include -MMD -MP -MF"src/main.d" -MT"src/main.o" -o "src/main.o" "../src/main.cpp"
'Finished building: ../src/main.cpp'
' '
'Building target: harrisProject.elf'
'Invoking: ARM v7 g++ linker'
arm-none-eabi-g++ -mcpu=cortex-a9 -mfpu=vfpv3 -mfloat-abi=hard -Wl,-build-id=none -specs=Xilinx.spec -Wl,-T -Wl,../src/lscript.ld -L../../harrisProject_bsp/ps7_cortexa9_0/lib -o "harrisProject.elf"  ./src/FileSDCard.o ./src/Matrices.o ./src/Sobel.o ./src/TestReadImg.o ./src/main.o   -Wl,--start-group,-lxil,-lgcc,-lc,-lstdc++,--end-group -Wl,--start-group,-lxilffs,-lxil,-lgcc,-lc,--end-group
'Finished building target: harrisProject.elf'
' '
'Invoking: ARM v7 Print Size'
arm-none-eabi-size harrisProject.elf  |tee "harrisProject.elf.size"
   text	   data	    bss	    dec	    hex	filename
 848459	   2880	4111808	4963147	 4bbb4b	harrisProject.elf
'Finished building: harrisProject.elf.size'
' '
11:31:07 **** Incremental Build of configuration Debug for project harrisProject ****
make pre-build main-build 
a9-linaro-pre-build-step
' '
make: No se hace nada para `main-build'.
11:31:18 **** Incremental Build of configuration Debug for project harrisProject ****
make pre-build main-build 
a9-linaro-pre-build-step
' '
make: No se hace nada para `main-build'.
11:32:02 **** Auto Build of configuration Debug for project harrisProject ****
make pre-build main-build 
a9-linaro-pre-build-step
' '
'Building file: ../src/main.cpp'
'Invoking: ARM v7 g++ compiler'
arm-none-eabi-g++ -Wall -O0 -g3 -c -fmessage-length=0 -MT"src/main.o" -mcpu=cortex-a9 -mfpu=vfpv3 -mfloat-abi=hard -I../../harrisProject_bsp/ps7_cortexa9_0/include -MMD -MP -MF"src/main.d" -MT"src/main.o" -o "src/main.o" "../src/main.cpp"
'Finished building: ../src/main.cpp'
' '
'Building target: harrisProject.elf'
'Invoking: ARM v7 g++ linker'
arm-none-eabi-g++ -mcpu=cortex-a9 -mfpu=vfpv3 -mfloat-abi=hard -Wl,-build-id=none -specs=Xilinx.spec -Wl,-T -Wl,../src/lscript.ld -L../../harrisProject_bsp/ps7_cortexa9_0/lib -o "harrisProject.elf"  ./src/FileSDCard.o ./src/Matrices.o ./src/Sobel.o ./src/TestReadImg.o ./src/main.o   -Wl,--start-group,-lxil,-lgcc,-lc,-lstdc++,--end-group -Wl,--start-group,-lxilffs,-lxil,-lgcc,-lc,--end-group
'Finished building target: harrisProject.elf'
' '
'Invoking: ARM v7 Print Size'
arm-none-eabi-size harrisProject.elf  |tee "harrisProject.elf.size"
   text	   data	    bss	    dec	    hex	filename
 848451	   2880	4111808	4963139	 4bbb43	harrisProject.elf
'Finished building: harrisProject.elf.size'
' '
11:32:09 **** Incremental Build of configuration Debug for project harrisProject ****
make pre-build main-build 
a9-linaro-pre-build-step
' '
make: No se hace nada para `main-build'.
11:32:21 **** Incremental Build of configuration Debug for project harrisProject ****
make pre-build main-build 
a9-linaro-pre-build-step
' '
make: No se hace nada para `main-build'.
