14:42:54 **** Auto Build of configuration Debug for project cornerDetection ****
make pre-build main-build 
a9-linaro-pre-build-step
' '
'Building file: ../src/lab4.c'
'Invoking: ARM v7 gcc compiler'
arm-none-eabi-gcc -Wall -O0 -g3 -c -fmessage-length=0 -MT"src/lab4.o" -mcpu=cortex-a9 -mfpu=vfpv3 -mfloat-abi=hard -I../../lab4_bsp/ps7_cortexa9_0/include -MMD -MP -MF"src/lab4.d" -MT"src/lab4.o" -o "src/lab4.o" "../src/lab4.c"
../src/lab4.c: In function 'main':
../src/lab4.c:244:23: warning: unused variable 'cntValueEnd' [-Wunused-variable]
    int cntValueStart, cntValueEnd;
                       ^~~~~~~~~~~
../src/lab4.c:244:8: warning: unused variable 'cntValueStart' [-Wunused-variable]
    int cntValueStart, cntValueEnd;
        ^~~~~~~~~~~~~
'Finished building: ../src/lab4.c'
' '
'Building target: cornerDetection.elf'
'Invoking: ARM v7 gcc linker'
arm-none-eabi-gcc -mcpu=cortex-a9 -mfpu=vfpv3 -mfloat-abi=hard -Wl,-build-id=none -specs=Xilinx.spec -Wl,-T -Wl,../src/lscript.ld -L../../lab4_bsp/ps7_cortexa9_0/lib -o "cornerDetection.elf"  ./src/lab4.o   -lm -Wl,--start-group,-lxil,-lgcc,-lc,--end-group
'Finished building target: cornerDetection.elf'
' '
'Invoking: ARM v7 Print Size'
arm-none-eabi-size cornerDetection.elf  |tee "cornerDetection.elf.size"
   text	   data	    bss	    dec	    hex	filename
  30400	   1164	   8424	  39988	   9c34	cornerDetection.elf
'Finished building: cornerDetection.elf.size'
' '

14:42:57 Build Finished (took 2s.557ms)

