

================================================================
== Vivado HLS Report for 'convolution'
================================================================
* Date:           Sun Jan  5 12:28:17 2020

* Version:        2017.2 (Build 1909853 on Thu Jun 15 18:55:24 MDT 2017)
* Project:        convolution.prj
* Solution:       solution1
* Product family: zynq
* Target device:  xc7z010clg400-1


================================================================
== Performance Estimates
================================================================
+ Timing (ns): 
    * Summary: 
    +--------+-------+----------+------------+
    |  Clock | Target| Estimated| Uncertainty|
    +--------+-------+----------+------------+
    |ap_clk  |   8.00|      6.91|        1.00|
    +--------+-------+----------+------------+

+ Latency (clock cycles): 
    * Summary: 
    +-----+-----+-----+-----+---------+
    |  Latency  |  Interval | Pipeline|
    | min | max | min | max |   Type  |
    +-----+-----+-----+-----+---------+
    |   52|   52|   53|   53|   none  |
    +-----+-----+-----+-----+---------+

    + Detail: 
        * Instance: 
        N/A

        * Loop: 
        +----------+-----+-----+----------+-----------+-----------+------+----------+
        |          |  Latency  | Iteration|  Initiation Interval  | Trip |          |
        | Loop Name| min | max |  Latency |  achieved |   target  | Count| Pipelined|
        +----------+-----+-----+----------+-----------+-----------+------+----------+
        |- Row     |   51|   51|        17|          -|          -|     3|    no    |
        | + Col    |   15|   15|         5|          -|          -|     3|    no    |
        +----------+-----+-----+----------+-----------+-----------+------+----------+



================================================================
== Utilization Estimates
================================================================
* Summary: 
+-----------------+---------+-------+-------+-------+
|       Name      | BRAM_18K| DSP48E|   FF  |  LUT  |
+-----------------+---------+-------+-------+-------+
|DSP              |        -|      -|      -|      -|
|Expression       |        -|      -|    231|    113|
|FIFO             |        -|      -|      -|      -|
|Instance         |        -|      4|    165|     50|
|Memory           |        -|      -|      -|      -|
|Multiplexer      |        -|      -|      -|     87|
|Register         |        -|      -|    153|      -|
+-----------------+---------+-------+-------+-------+
|Total            |        0|      4|    549|    250|
+-----------------+---------+-------+-------+-------+
|Available        |      120|     80|  35200|  17600|
+-----------------+---------+-------+-------+-------+
|Utilization (%)  |        0|      5|      1|      1|
+-----------------+---------+-------+-------+-------+

+ Detail: 
    * Instance: 
    +-------------------------+----------------------+---------+-------+-----+----+
    |         Instance        |        Module        | BRAM_18K| DSP48E|  FF | LUT|
    +-------------------------+----------------------+---------+-------+-----+----+
    |convolution_mul_3bkb_U0  |convolution_mul_3bkb  |        0|      4|  165|  50|
    +-------------------------+----------------------+---------+-------+-----+----+
    |Total                    |                      |        0|      4|  165|  50|
    +-------------------------+----------------------+---------+-------+-----+----+

    * DSP48: 
    N/A

    * Memory: 
    N/A

    * FIFO: 
    N/A

    * Expression: 
    +---------------------+----------+-------+-----+----+------------+------------+
    |    Variable Name    | Operation| DSP48E|  FF | LUT| Bitwidth P0| Bitwidth P1|
    +---------------------+----------+-------+-----+----+------------+------------+
    |i_1_fu_133_p2        |     +    |      0|   11|   8|           2|           1|
    |j_1_fu_187_p2        |     +    |      0|   11|   8|           2|           1|
    |tmp_10_fu_203_p2     |     +    |      0|   20|  10|           5|           5|
    |tmp_2_fu_171_p2      |     +    |      0|   20|  10|           5|           5|
    |tmp_6_fu_220_p2      |     +    |      0|  101|  37|          32|          32|
    |tmp_1_fu_139_p2      |     -    |      0|   14|   9|           3|           2|
    |tmp_4_fu_193_p2      |     -    |      0|   14|   9|           3|           2|
    |tmp_8_fu_121_p2      |     -    |      0|   20|  10|           5|           5|
    |tmp_s_fu_161_p2      |     -    |      0|   20|  10|           5|           5|
    |exitcond1_fu_127_p2  |   icmp   |      0|    0|   1|           2|           2|
    |exitcond_fu_181_p2   |   icmp   |      0|    0|   1|           2|           2|
    +---------------------+----------+-------+-----+----+------------+------------+
    |Total                |          |      0|  231| 113|          66|          62|
    +---------------------+----------+-------+-----+----+------------+------------+

    * Multiplexer: 
    +-----------+----+-----------+-----+-----------+
    |    Name   | LUT| Input Size| Bits| Total Bits|
    +-----------+----+-----------+-----+-----------+
    |ap_NS_fsm  |  45|          8|    1|          8|
    |i_reg_78   |   9|          2|    2|          4|
    |j_reg_89   |   9|          2|    2|          4|
    |res        |  15|          3|   32|         96|
    |tmp_fu_42  |   9|          2|   32|         64|
    +-----------+----+-----------+-----+-----------+
    |Total      |  87|         17|   69|        176|
    +-----------+----+-----------+-----+-----------+

    * Register: 
    +------------------+----+----+-----+-----------+
    |       Name       | FF | LUT| Bits| Const Bits|
    +------------------+----+----+-----+-----------+
    |ap_CS_fsm         |   7|   0|    7|          0|
    |i_1_reg_246       |   2|   0|    2|          0|
    |i_reg_78          |   2|   0|    2|          0|
    |j_1_reg_264       |   2|   0|    2|          0|
    |j_reg_89          |   2|   0|    2|          0|
    |k_load_reg_274    |  32|   0|   32|          0|
    |tmp_5_reg_284     |  32|   0|   32|          0|
    |tmp_8_reg_238     |   5|   0|    5|          0|
    |tmp_fu_42         |  32|   0|   32|          0|
    |tmp_s_reg_251     |   5|   0|    5|          0|
    |wdw_load_reg_279  |  32|   0|   32|          0|
    +------------------+----+----+-----+-----------+
    |Total             | 153|   0|  153|          0|
    +------------------+----+----+-----+-----------+



================================================================
== Interface
================================================================
* Summary: 
+--------------+-----+-----+------------+--------------+--------------+
|   RTL Ports  | Dir | Bits|  Protocol  | Source Object|    C Type    |
+--------------+-----+-----+------------+--------------+--------------+
|ap_clk        |  in |    1| ap_ctrl_hs |  convolution | return value |
|ap_rst        |  in |    1| ap_ctrl_hs |  convolution | return value |
|ap_start      |  in |    1| ap_ctrl_hs |  convolution | return value |
|ap_done       | out |    1| ap_ctrl_hs |  convolution | return value |
|ap_idle       | out |    1| ap_ctrl_hs |  convolution | return value |
|ap_ready      | out |    1| ap_ctrl_hs |  convolution | return value |
|k_address0    | out |    4|  ap_memory |       k      |     array    |
|k_ce0         | out |    1|  ap_memory |       k      |     array    |
|k_q0          |  in |   32|  ap_memory |       k      |     array    |
|wdw_address0  | out |    4|  ap_memory |      wdw     |     array    |
|wdw_ce0       | out |    1|  ap_memory |      wdw     |     array    |
|wdw_q0        |  in |   32|  ap_memory |      wdw     |     array    |
|res           | out |   32|   ap_vld   |      res     |    pointer   |
|res_ap_vld    | out |    1|   ap_vld   |      res     |    pointer   |
+--------------+-----+-----+------------+--------------+--------------+

