#-----------------------------------------------------------
# Vivado v2017.2 (64-bit)
# SW Build 1909853 on Thu Jun 15 18:39:09 MDT 2017
# IP Build 1909766 on Thu Jun 15 19:58:00 MDT 2017
# Start of session at: Sun Jan  5 10:01:30 2020
# Process ID: 12844
# Current directory: C:/master/EmbeddedPRJ2/E19_Embedded/MiniProjectCPP
# Command line: vivado.exe -gui_launcher_event rodinguilauncherevent16248 C:\master\EmbeddedPRJ2\E19_Embedded\MiniProjectCPP\MiniProjectCPP.xpr
# Log file: C:/master/EmbeddedPRJ2/E19_Embedded/MiniProjectCPP/vivado.log
# Journal file: C:/master/EmbeddedPRJ2/E19_Embedded/MiniProjectCPP\vivado.jou
#-----------------------------------------------------------
start_gui
open_project C:/master/EmbeddedPRJ2/E19_Embedded/MiniProjectCPP/MiniProjectCPP.xpr
update_compile_order -fileset sources_1
launch_sdk -workspace C:/master/EmbeddedPRJ2/E19_Embedded/MiniProjectCPP/MiniProjectCPP.sdk -hwspec C:/master/EmbeddedPRJ2/E19_Embedded/MiniProjectCPP/MiniProjectCPP.sdk/solution_wrapper.hdf
launch_sdk -workspace C:/master/EmbeddedPRJ2/E19_Embedded/MiniProjectCPP/MiniProjectCPP.sdk -hwspec C:/master/EmbeddedPRJ2/E19_Embedded/MiniProjectCPP/MiniProjectCPP.sdk/solution_wrapper.hdf
cd C:\master\EmbeddedPRJ2\E19_Embedded\convolution.prj\solution1\sim\verilog
cd C:\master\EmbeddedPRJ2\E19_Embedded\convolution.prj\solution1
cd C:/master/EmbeddedPRJ2/E19_Embedded/convolution.prj/solution1/
pwd
cd sim
pwd
cd verilog
pwd
current_fileset
open_wave_database convolution.wdb
