10:41:00 **** Auto Build of configuration Debug for project sdFromClass ****
make pre-build main-build 
a9-linaro-pre-build-step
' '
'Building file: ../src/TestReadImg.cpp'
'Invoking: ARM v7 g++ compiler'
arm-none-eabi-g++ -Wall -O0 -g3 -c -fmessage-length=0 -MT"src/TestReadImg.o" -mcpu=cortex-a9 -mfpu=vfpv3 -mfloat-abi=hard -I../../sdTest01_bsp/ps7_cortexa9_0/include -MMD -MP -MF"src/TestReadImg.d" -MT"src/TestReadImg.o" -o "src/TestReadImg.o" "../src/TestReadImg.cpp"
'Finished building: ../src/TestReadImg.cpp'
' '
'Building target: sdFromClass.elf'
'Invoking: ARM v7 g++ linker'
arm-none-eabi-g++ -mcpu=cortex-a9 -mfpu=vfpv3 -mfloat-abi=hard -Wl,-build-id=none -specs=Xilinx.spec -Wl,-T -Wl,../src/lscript.ld -L../../sdTest01_bsp/ps7_cortexa9_0/lib -o "sdFromClass.elf"  ./src/FileSDCard.o ./src/TestFileSDCard.o ./src/TestReadImg.o ./src/main.o ./src/old_main.o   -Wl,--start-group,-lxil,-lgcc,-lc,-lstdc++,--end-group -Wl,--start-group,-lxilffs,-lxil,-lgcc,-lc,--end-group
'Finished building target: sdFromClass.elf'
' '
'Invoking: ARM v7 Print Size'
arm-none-eabi-size sdFromClass.elf  |tee "sdFromClass.elf.size"
   text	   data	    bss	    dec	    hex	filename
 107200	   2624	  25600	 135424	  21100	sdFromClass.elf
'Finished building: sdFromClass.elf.size'
' '

10:41:01 Build Finished (took 933ms)

